Component: ARM Compiler 5.06 update 5 (build 528) Tool: armlink [4d35e2]

==============================================================================

Section Cross References

    startup_stm32l052xx.o(RESET) refers to startup_stm32l052xx.o(STACK) for __initial_sp
    startup_stm32l052xx.o(RESET) refers to startup_stm32l052xx.o(.text) for Reset_Handler
    startup_stm32l052xx.o(RESET) refers to stm32l0xx_it.o(i.NMI_Handler) for NMI_Handler
    startup_stm32l052xx.o(RESET) refers to stm32l0xx_it.o(i.HardFault_Handler) for HardFault_Handler
    startup_stm32l052xx.o(RESET) refers to port.o(i.SVC_Handler) for SVC_Handler
    startup_stm32l052xx.o(RESET) refers to port.o(.emb_text) for PendSV_Handler
    startup_stm32l052xx.o(RESET) refers to stm32l0xx_it.o(i.SysTick_Handler) for SysTick_Handler
    startup_stm32l052xx.o(RESET) refers to stm32l0xx_it.o(i.TIM22_IRQHandler) for TIM22_IRQHandler
    startup_stm32l052xx.o(.text) refers to system_stm32l0xx.o(i.SystemInit) for SystemInit
    startup_stm32l052xx.o(.text) refers to entry.o(.ARM.Collect$$$$00000000) for __main
    stm32l0xx_it.o(i.SysTick_Handler) refers to cmsis_os.o(i.osSystickHandler) for osSystickHandler
    stm32l0xx_it.o(i.TIM22_IRQHandler) refers to stm32l0xx_hal_tim.o(i.HAL_TIM_IRQHandler) for HAL_TIM_IRQHandler
    stm32l0xx_it.o(i.TIM22_IRQHandler) refers to stm32l0xx_hal_timebase_tim.o(.bss) for htim22
    stm32l0xx_hal_msp.o(i.HAL_ADC_MspDeInit) refers to stm32l0xx_hal_gpio.o(i.HAL_GPIO_DeInit) for HAL_GPIO_DeInit
    stm32l0xx_hal_msp.o(i.HAL_ADC_MspInit) refers to stm32l0xx_hal_gpio.o(i.HAL_GPIO_Init) for HAL_GPIO_Init
    stm32l0xx_hal_msp.o(i.HAL_MspInit) refers to stm32l0xx_hal_cortex.o(i.HAL_NVIC_SetPriority) for HAL_NVIC_SetPriority
    stm32l0xx_hal_msp.o(i.HAL_SPI_MspDeInit) refers to stm32l0xx_hal_gpio.o(i.HAL_GPIO_DeInit) for HAL_GPIO_DeInit
    stm32l0xx_hal_msp.o(i.HAL_SPI_MspInit) refers to stm32l0xx_hal_gpio.o(i.HAL_GPIO_Init) for HAL_GPIO_Init
    stm32l0xx_hal_timebase_tim.o(i.HAL_InitTick) refers to stm32l0xx_hal_cortex.o(i.HAL_NVIC_SetPriority) for HAL_NVIC_SetPriority
    stm32l0xx_hal_timebase_tim.o(i.HAL_InitTick) refers to stm32l0xx_hal_cortex.o(i.HAL_NVIC_EnableIRQ) for HAL_NVIC_EnableIRQ
    stm32l0xx_hal_timebase_tim.o(i.HAL_InitTick) refers to stm32l0xx_hal_rcc.o(i.HAL_RCC_GetClockConfig) for HAL_RCC_GetClockConfig
    stm32l0xx_hal_timebase_tim.o(i.HAL_InitTick) refers to stm32l0xx_hal_rcc.o(i.HAL_RCC_GetPCLK2Freq) for HAL_RCC_GetPCLK2Freq
    stm32l0xx_hal_timebase_tim.o(i.HAL_InitTick) refers to uidiv.o(.text) for __aeabi_uidivmod
    stm32l0xx_hal_timebase_tim.o(i.HAL_InitTick) refers to stm32l0xx_hal_tim.o(i.HAL_TIM_Base_Init) for HAL_TIM_Base_Init
    stm32l0xx_hal_timebase_tim.o(i.HAL_InitTick) refers to stm32l0xx_hal_tim.o(i.HAL_TIM_Base_Start_IT) for HAL_TIM_Base_Start_IT
    stm32l0xx_hal_timebase_tim.o(i.HAL_InitTick) refers to stm32l0xx_hal_timebase_tim.o(.bss) for .bss
    stm32l0xx_hal_timebase_tim.o(i.HAL_ResumeTick) refers to stm32l0xx_hal_timebase_tim.o(.bss) for .bss
    stm32l0xx_hal_timebase_tim.o(i.HAL_SuspendTick) refers to stm32l0xx_hal_timebase_tim.o(.bss) for .bss
    main.o(i.HAL_TIM_PeriodElapsedCallback) refers to stm32l0xx_hal.o(i.HAL_IncTick) for HAL_IncTick
    main.o(i.MX_GPIO_Init) refers to stm32l0xx_hal_gpio.o(i.HAL_GPIO_WritePin) for HAL_GPIO_WritePin
    main.o(i.MX_GPIO_Init) refers to stm32l0xx_hal_gpio.o(i.HAL_GPIO_Init) for HAL_GPIO_Init
    main.o(i.MX_SPI1_Init) refers to stm32l0xx_hal_spi.o(i.HAL_SPI_Init) for HAL_SPI_Init
    main.o(i.MX_SPI1_Init) refers to main.o(.bss) for .bss
    main.o(i.StartDefaultTask) refers to flash.o(i.Flash_Init) for Flash_Init
    main.o(i.StartDefaultTask) refers to hcms2915.o(i.HCMS_Init) for HCMS_Init
    main.o(i.StartDefaultTask) refers to system.o(i.System_Init) for System_Init
    main.o(i.StartDefaultTask) refers to graphic.o(i.Graphic_Init) for Graphic_Init
    main.o(i.StartDefaultTask) refers to adc.o(i.ADC_Init) for ADC_Init
    main.o(i.StartDefaultTask) refers to system.o(i.System_Process) for System_Process
    main.o(i.StartDefaultTask) refers to graphic.o(i.Graphic_Process) for Graphic_Process
    main.o(i.StartDefaultTask) refers to cmsis_os.o(i.osDelay) for osDelay
    main.o(i.SystemClock_Config) refers to stm32l0xx_hal_rcc.o(i.HAL_RCC_OscConfig) for HAL_RCC_OscConfig
    main.o(i.SystemClock_Config) refers to stm32l0xx_hal_rcc.o(i.HAL_RCC_ClockConfig) for HAL_RCC_ClockConfig
    main.o(i.SystemClock_Config) refers to stm32l0xx_hal_rcc_ex.o(i.HAL_RCCEx_PeriphCLKConfig) for HAL_RCCEx_PeriphCLKConfig
    main.o(i.SystemClock_Config) refers to stm32l0xx_hal_rcc.o(i.HAL_RCC_MCOConfig) for HAL_RCC_MCOConfig
    main.o(i.SystemClock_Config) refers to stm32l0xx_hal_rcc_ex.o(i.HAL_RCCEx_EnableLSECSS) for HAL_RCCEx_EnableLSECSS
    main.o(i.SystemClock_Config) refers to stm32l0xx_hal_rcc.o(i.HAL_RCC_GetHCLKFreq) for HAL_RCC_GetHCLKFreq
    main.o(i.SystemClock_Config) refers to uidiv.o(.text) for __aeabi_uidivmod
[...]
    .text                                    0x080001b8   Section        0  memseta.o(.text)
    .text                                    0x080001dc   Section        0  strlen.o(.text)
    .text                                    0x080001ea   Section        0  fadd.o(.text)
    .text                                    0x0800029c   Section        0  fmul.o(.text)
    .text                                    0x08000316   Section        0  fscalb.o(.text)
    .text                                    0x0800032e   Section        0  ffltui.o(.text)
    .text                                    0x0800033c   Section        0  f2d.o(.text)
    .text                                    0x08000364   Section        0  uldiv.o(.text)
    .text                                    0x080003c4   Section        0  iusefp.o(.text)
    .text                                    0x080003c4   Section        0  fepilogue.o(.text)
    .text                                    0x08000448   Section        0  dadd.o(.text)
    .text                                    0x080005ac   Section        0  dmul.o(.text)
    .text                                    0x0800067c   Section        0  ddiv.o(.text)
    .text                                    0x0800076c   Section        0  dfixul.o(.text)
    .text                                    0x080007ac   Section       40  cdrcmple.o(.text)
    .text                                    0x080007d4   Section       36  init.o(.text)
    .text                                    0x080007f8   Section        0  llshl.o(.text)
    .text                                    0x08000818   Section        0  llushr.o(.text)
    .text                                    0x0800083a   Section        0  llsshr.o(.text)
    .text                                    0x08000860   Section        0  depilogue.o(.text)
    i.ADC_Battery                            0x08000920   Section        0  adc.o(i.ADC_Battery)
    i.ADC_DelayMicroSecond                   0x080009e4   Section        0  stm32l0xx_hal_adc.o(i.ADC_DelayMicroSecond)
    ADC_DelayMicroSecond                     0x080009e5   Thumb Code    28  stm32l0xx_hal_adc.o(i.ADC_DelayMicroSecond)
    i.ADC_Enable                             0x08000a08   Section        0  stm32l0xx_hal_adc.o(i.ADC_Enable)
    ADC_Enable                               0x08000a09   Thumb Code    96  stm32l0xx_hal_adc.o(i.ADC_Enable)
    i.ADC_Init                               0x08000a6c   Section        0  adc.o(i.ADC_Init)
    i.ADC_Voltage                            0x08000b18   Section        0  adc.o(i.ADC_Voltage)
    i.FLASH_PageErase                        0x08000ba4   Section        0  stm32l0xx_hal_flash_ex.o(i.FLASH_PageErase)
    i.FLASH_SetErrorCode                     0x08000bd0   Section        0  stm32l0xx_hal_flash.o(i.FLASH_SetErrorCode)
    FLASH_SetErrorCode                       0x08000bd1   Thumb Code   134  stm32l0xx_hal_flash.o(i.FLASH_SetErrorCode)
    i.FLASH_WaitForLastOperation             0x08000c60   Section        0  stm32l0xx_hal_flash.o(i.FLASH_WaitForLastOperation)
    i.Flash_ErasePage                        0x08000cd0   Section        0  flash.o(i.Flash_ErasePage)
    i.Flash_Init                             0x08000cf8   Section        0  flash.o(i.Flash_Init)
    i.Flash_Save                             0x08000d24   Section        0  flash.o(i.Flash_Save)
    i.Flash_Settings                         0x08000d44   Section        0  flash.o(i.Flash_Settings)
    i.Flash_WriteBlock                       0x08000d4c   Section        0  flash.o(i.Flash_WriteBlock)
    i.Graphic_Init                           0x08000d74   Section        0  graphic.o(i.Graphic_Init)
    i.Graphic_Process                        0x08000d84   Section        0  graphic.o(i.Graphic_Process)
    i.Graphic_ScrollChangeCallback           0x08000ef4   Section        0  graphic.o(i.Graphic_ScrollChangeCallback)
    i.HAL_ADC_ConfigChannel                  0x08000f0c   Section        0  stm32l0xx_hal_adc.o(i.HAL_ADC_ConfigChannel)
    i.HAL_ADC_GetState                       0x08000fa0   Section        0  stm32l0xx_hal_adc.o(i.HAL_ADC_GetState)
    i.HAL_ADC_GetValue                       0x08000fa4   Section        0  stm32l0xx_hal_adc.o(i.HAL_ADC_GetValue)
    i.HAL_ADC_Init                           0x08000fac   Section        0  stm32l0xx_hal_adc.o(i.HAL_ADC_Init)
    i.HAL_ADC_MspInit                        0x08001170   Section        0  stm32l0xx_hal_msp.o(i.HAL_ADC_MspInit)
    i.HAL_ADC_PollForConversion              0x080011a8   Section        0  stm32l0xx_hal_adc.o(i.HAL_ADC_PollForConversion)
    i.HAL_ADC_Start                          0x08001268   Section        0  stm32l0xx_hal_adc.o(i.HAL_ADC_Start)
    i.HAL_Delay                              0x080012c4   Section        0  stm32l0xx_hal.o(i.HAL_Delay)
    i.HAL_FLASHEx_Erase                      0x080012dc   Section        0  stm32l0xx_hal_flash_ex.o(i.HAL_FLASHEx_Erase)
    i.HAL_FLASH_Lock                         0x08001354   Section        0  stm32l0xx_hal_flash.o(i.HAL_FLASH_Lock)
    i.HAL_FLASH_Program                      0x08001368   Section        0  stm32l0xx_hal_flash.o(i.HAL_FLASH_Program)
    i.HAL_FLASH_Unlock                       0x080013a4   Section        0  stm32l0xx_hal_flash.o(i.HAL_FLASH_Unlock)
    i.HAL_GPIO_Init                          0x080013e0   Section        0  stm32l0xx_hal_gpio.o(i.HAL_GPIO_Init)
    i.HAL_GPIO_ReadPin                       0x08001558   Section        0  stm32l0xx_hal_gpio.o(i.HAL_GPIO_ReadPin)
    i.HAL_GPIO_WritePin                      0x08001562   Section        0  stm32l0xx_hal_gpio.o(i.HAL_GPIO_WritePin)
    i.HAL_GetTick                            0x08001570   Section        0  stm32l0xx_hal.o(i.HAL_GetTick)
    i.HAL_IncTick                            0x0800157c   Section        0  stm32l0xx_hal.o(i.HAL_IncTick)
    i.HAL_Init                               0x0800158c   Section        0  stm32l0xx_hal.o(i.HAL_Init)
    i.HAL_InitTick                           0x080015ac   Section        0  stm32l0xx_hal_timebase_tim.o(i.HAL_InitTick)
    i.HAL_MspInit                            0x0800161c   Section        0  stm32l0xx_hal_msp.o(i.HAL_MspInit)
    i.HAL_NVIC_EnableIRQ                     0x08001654   Section        0  stm32l0xx_hal_cortex.o(i.HAL_NVIC_EnableIRQ)
    i.HAL_NVIC_SetPriority                   0x08001668   Section        0  stm32l0xx_hal_cortex.o(i.HAL_NVIC_SetPriority)
    i.HAL_PWREx_EnableFastWakeUp             0x08001670   Section        0  stm32l0xx_hal_pwr_ex.o(i.HAL_PWREx_EnableFastWakeUp)
    i.HAL_PWREx_EnableUltraLowPower          0x08001680   Section        0  stm32l0xx_hal_pwr_ex.o(i.HAL_PWREx_EnableUltraLowPower)
    i.HAL_PWR_DisableWakeUpPin               0x08001690   Section        0  stm32l0xx_hal_pwr.o(i.HAL_PWR_DisableWakeUpPin)
    i.HAL_PWR_EnableWakeUpPin                0x080016a0   Section        0  stm32l0xx_hal_pwr.o(i.HAL_PWR_EnableWakeUpPin)
    i.HAL_PWR_EnterSTANDBYMode               0x080016b0   Section        0  stm32l0xx_hal_pwr.o(i.HAL_PWR_EnterSTANDBYMode)
    i.HAL_RCCEx_EnableLSECSS                 0x080016d0   Section        0  stm32l0xx_hal_rcc_ex.o(i.HAL_RCCEx_EnableLSECSS)
    i.HAL_RCCEx_PeriphCLKConfig              0x080016e4   Section        0  stm32l0xx_hal_rcc_ex.o(i.HAL_RCCEx_PeriphCLKConfig)
    i.HAL_RCC_ClockConfig                    0x0800185c   Section        0  stm32l0xx_hal_rcc.o(i.HAL_RCC_ClockConfig)
    i.HAL_RCC_GetClockConfig                 0x080019c4   Section        0  stm32l0xx_hal_rcc.o(i.HAL_RCC_GetClockConfig)
    i.HAL_RCC_GetHCLKFreq                    0x08001a04   Section        0  stm32l0xx_hal_rcc.o(i.HAL_RCC_GetHCLKFreq)
    i.HAL_RCC_GetPCLK2Freq                   0x08001a10   Section        0  stm32l0xx_hal_rcc.o(i.HAL_RCC_GetPCLK2Freq)
    i.HAL_RCC_GetSysClockFreq                0x08001a30   Section        0  stm32l0xx_hal_rcc.o(i.HAL_RCC_GetSysClockFreq)
    i.HAL_RCC_MCOConfig                      0x08001aa8   Section        0  stm32l0xx_hal_rcc.o(i.HAL_RCC_MCOConfig)
    i.HAL_RCC_OscConfig                      0x08001b08   Section        0  stm32l0xx_hal_rcc.o(i.HAL_RCC_OscConfig)
    i.HAL_RTC_GetDate                        0x08001f5a   Section        0  stm32l0xx_hal_rtc.o(i.HAL_RTC_GetDate)
    i.HAL_RTC_GetTime                        0x08001fa0   Section        0  stm32l0xx_hal_rtc.o(i.HAL_RTC_GetTime)
    i.HAL_RTC_Init                           0x08001ffc   Section        0  stm32l0xx_hal_rtc.o(i.HAL_RTC_Init)
    i.HAL_RTC_MspInit                        0x080020a0   Section        0  stm32l0xx_hal_msp.o(i.HAL_RTC_MspInit)
    i.HAL_RTC_SetDate                        0x080020c0   Section        0  stm32l0xx_hal_rtc.o(i.HAL_RTC_SetDate)
    i.HAL_RTC_SetTime                        0x0800218c   Section        0  stm32l0xx_hal_rtc.o(i.HAL_RTC_SetTime)
    i.HAL_RTC_WaitForSynchro                 0x0800227c   Section        0  stm32l0xx_hal_rtc.o(i.HAL_RTC_WaitForSynchro)
    i.HAL_SPI_Init                           0x080022b0   Section        0  stm32l0xx_hal_spi.o(i.HAL_SPI_Init)
    i.HAL_SPI_MspInit                        0x08002334   Section        0  stm32l0xx_hal_msp.o(i.HAL_SPI_MspInit)
    i.HAL_SPI_Transmit                       0x08002374   Section        0  stm32l0xx_hal_spi.o(i.HAL_SPI_Transmit)
    i.HAL_SYSTICK_CLKSourceConfig            0x080024c4   Section        0  stm32l0xx_hal_cortex.o(i.HAL_SYSTICK_CLKSourceConfig)
    i.HAL_SYSTICK_Config                     0x080024dc   Section        0  stm32l0xx_hal_cortex.o(i.HAL_SYSTICK_Config)
    i.HAL_TIM_Base_Init                      0x0800250c   Section        0  stm32l0xx_hal_tim.o(i.HAL_TIM_Base_Init)
    i.HAL_TIM_Base_MspInit                   0x08002540   Section        0  stm32l0xx_hal_tim.o(i.HAL_TIM_Base_MspInit)
    i.HAL_TIM_Base_Start_IT                  0x08002542   Section        0  stm32l0xx_hal_tim.o(i.HAL_TIM_Base_Start_IT)
    i.HAL_TIM_IC_CaptureCallback             0x08002558   Section        0  stm32l0xx_hal_tim.o(i.HAL_TIM_IC_CaptureCallback)
    i.HAL_TIM_IRQHandler                     0x0800255a   Section        0  stm32l0xx_hal_tim.o(i.HAL_TIM_IRQHandler)
    i.HAL_TIM_OC_DelayElapsedCallback        0x08002680   Section        0  stm32l0xx_hal_tim.o(i.HAL_TIM_OC_DelayElapsedCallback)
    i.HAL_TIM_PWM_PulseFinishedCallback      0x08002682   Section        0  stm32l0xx_hal_tim.o(i.HAL_TIM_PWM_PulseFinishedCallback)
    i.HAL_TIM_PeriodElapsedCallback          0x08002684   Section        0  main.o(i.HAL_TIM_PeriodElapsedCallback)
    i.HAL_TIM_TriggerCallback                0x08002698   Section        0  stm32l0xx_hal_tim.o(i.HAL_TIM_TriggerCallback)
    i.HCMS_Bright                            0x0800269c   Section        0  hcms2915.o(i.HCMS_Bright)
    i.HCMS_BrightChange                      0x080026bc   Section        0  hcms2915.o(i.HCMS_BrightChange)
    i.HCMS_Clear                             0x080026e8   Section        0  hcms2915.o(i.HCMS_Clear)
    i.HCMS_CtrlMode                          0x080026f8   Section        0  hcms2915.o(i.HCMS_CtrlMode)
    i.HCMS_Ctrl_Register                     0x08002708   Section        0  hcms2915.o(i.HCMS_Ctrl_Register)
    i.HCMS_DataMode                          0x08002720   Section        0  hcms2915.o(i.HCMS_DataMode)
    i.HCMS_Disable                           0x08002732   Section        0  hcms2915.o(i.HCMS_Disable)
    i.HCMS_Effect                            0x08002744   Section        0  hcms2915.o(i.HCMS_Effect)
    i.HCMS_Enable                            0x08002778   Section        0  hcms2915.o(i.HCMS_Enable)
    i.HCMS_Init                              0x08002788   Section        0  hcms2915.o(i.HCMS_Init)
    i.HCMS_On                                0x0800281c   Section        0  hcms2915.o(i.HCMS_On)
    i.HCMS_Process                           0x0800283c   Section        0  hcms2915.o(i.HCMS_Process)
    i.HCMS_PutStr                            0x08002870   Section        0  hcms2915.o(i.HCMS_PutStr)
    i.HCMS_Put_Byte                          0x080028c4   Section        0  hcms2915.o(i.HCMS_Put_Byte)
    i.HCMS_RawPixels                         0x080028e0   Section        0  hcms2915.o(i.HCMS_RawPixels)
    i.HCMS_Reset                             0x080029a8   Section        0  hcms2915.o(i.HCMS_Reset)
    i.HardFault_Handler                      0x080029d0   Section        0  stm32l0xx_it.o(i.HardFault_Handler)
    i.MX_GPIO_Init                           0x080029d4   Section        0  main.o(i.MX_GPIO_Init)
    MX_GPIO_Init                             0x080029d5   Thumb Code   144  main.o(i.MX_GPIO_Init)
    i.MX_SPI1_Init                           0x08002a6c   Section        0  main.o(i.MX_SPI1_Init)
    MX_SPI1_Init                             0x08002a6d   Thumb Code    54  main.o(i.MX_SPI1_Init)
    i.NMI_Handler                            0x08002aac   Section        0  stm32l0xx_it.o(i.NMI_Handler)
    i.NVIC_SetPriority                       0x08002ab0   Section        0  stm32l0xx_hal_cortex.o(i.NVIC_SetPriority)
    NVIC_SetPriority                         0x08002ab1   Thumb Code    60  stm32l0xx_hal_cortex.o(i.NVIC_SetPriority)
    i.RCC_SetFlashLatencyFromMSIRange        0x08002af4   Section        0  stm32l0xx_hal_rcc.o(i.RCC_SetFlashLatencyFromMSIRange)
    RCC_SetFlashLatencyFromMSIRange          0x08002af5   Thumb Code    94  stm32l0xx_hal_rcc.o(i.RCC_SetFlashLatencyFromMSIRange)
    i.RTC_Bcd2ToByte                         0x08002b64   Section        0  stm32l0xx_hal_rtc.o(i.RTC_Bcd2ToByte)
    i.RTC_ByteToBcd2                         0x08002b74   Section        0  stm32l0xx_hal_rtc.o(i.RTC_ByteToBcd2)
    i.RTC_EnterInitMode                      0x08002b8a   Section        0  stm32l0xx_hal_rtc.o(i.RTC_EnterInitMode)
    i.SPI_WaitOnFlagUntilTimeout             0x08002bc2   Section        0  stm32l0xx_hal_spi.o(i.SPI_WaitOnFlagUntilTimeout)
    SPI_WaitOnFlagUntilTimeout               0x08002bc3   Thumb Code   178  stm32l0xx_hal_spi.o(i.SPI_WaitOnFlagUntilTimeout)
    i.SVC_Handler                            0x08002c74   Section        0  port.o(i.SVC_Handler)
    i.StartDefaultTask                       0x08002c78   Section        0  main.o(i.StartDefaultTask)
    i.SysTick_Handler                        0x08002cb4   Section        0  stm32l0xx_it.o(i.SysTick_Handler)
    i.SystemClock_Config                     0x08002cbc   Section        0  main.o(i.SystemClock_Config)
    i.SystemInit                             0x08002d74   Section        0  system_stm32l0xx.o(i.SystemInit)
    i.SystemPower_Config                     0x08002dc8   Section        0  main.o(i.SystemPower_Config)
    i.System_EnterStandBy                    0x08002de4   Section        0  system.o(i.System_EnterStandBy)
    i.System_GetChargeState                  0x08002e18   Section        0  system.o(i.System_GetChargeState)
    i.System_GetDateTimeFromRTC              0x08002e48   Section        0  system.o(i.System_GetDateTimeFromRTC)
    i.System_GetRTCDate                      0x08002e6c   Section        0  system.o(i.System_GetRTCDate)
    i.System_GetRTCTime                      0x08002e74   Section        0  system.o(i.System_GetRTCTime)
    i.System_GetSettingsState                0x08002e7c   Section        0  system.o(i.System_GetSettingsState)
    i.System_GetState                        0x08002e88   Section        0  system.o(i.System_GetState)
    i.System_Init                            0x08002e94   Section        0  system.o(i.System_Init)
    i.System_Process                         0x08002ef0   Section        0  system.o(i.System_Process)
    i.System_SetState                        0x08003188   Section        0  system.o(i.System_SetState)
    i.TIM22_IRQHandler                       0x080031a0   Section        0  stm32l0xx_it.o(i.TIM22_IRQHandler)
    i.TIM_Base_SetConfig                     0x080031b0   Section        0  stm32l0xx_hal_tim.o(i.TIM_Base_SetConfig)
    TIM_Base_SetConfig                       0x080031b1   Thumb Code    70  stm32l0xx_hal_tim.o(i.TIM_Base_SetConfig)
    i._Error_Handler                         0x08003200   Section        0  main.o(i._Error_Handler)
    i.__0sprintf                             0x08003204   Section        0  printfa.o(i.__0sprintf)
    i.__ARM_clz                              0x0800322c   Section        0  depilogue.o(i.__ARM_clz)
    i.__ARM_common_switch8                   0x0800325a   Section        0  hcms2915.o(i.__ARM_common_switch8)
    i.__scatterload_copy                     0x08003274   Section       14  handlers.o(i.__scatterload_copy)
    i.__scatterload_null                     0x08003282   Section        2  handlers.o(i.__scatterload_null)
    i.__scatterload_zeroinit                 0x08003284   Section       14  handlers.o(i.__scatterload_zeroinit)
    i._fp_digits                             0x08003294   Section        0  printfa.o(i._fp_digits)
    _fp_digits                               0x08003295   Thumb Code   344  printfa.o(i._fp_digits)
    i._printf_core                           0x08003408   Section        0  printfa.o(i._printf_core)
    _printf_core                             0x08003409   Thumb Code  1754  printfa.o(i._printf_core)
    i._printf_post_padding                   0x08003af4   Section        0  printfa.o(i._printf_post_padding)
    _printf_post_padding                     0x08003af5   Thumb Code    32  printfa.o(i._printf_post_padding)
    i._printf_pre_padding                    0x08003b14   Section        0  printfa.o(i._printf_pre_padding)
    _printf_pre_padding                      0x08003b15   Thumb Code    44  printfa.o(i._printf_pre_padding)
    i._sputc                                 0x08003b40   Section        0  printfa.o(i._sputc)
    _sputc                                   0x08003b41   Thumb Code    10  printfa.o(i._sputc)
    i.main                                   0x08003b4c   Section        0  main.o(i.main)
    i.makeFreeRtosPriority                   0x08003b88   Section        0  cmsis_os.o(i.makeFreeRtosPriority)
    makeFreeRtosPriority                     0x08003b89   Thumb Code    12  cmsis_os.o(i.makeFreeRtosPriority)
    i.osDelay                                0x08003b94   Section        0  cmsis_os.o(i.osDelay)
    i.osKernelStart                          0x08003ba4   Section        0  cmsis_os.o(i.osKernelStart)
    i.osSystickHandler                       0x08003bae   Section        0  cmsis_os.o(i.osSystickHandler)
    i.osThreadCreate                         0x08003bbe   Section        0  cmsis_os.o(i.osThreadCreate)
    i.prvAddCurrentTaskToDelayedList         0x08003bec   Section        0  tasks.o(i.prvAddCurrentTaskToDelayedList)
    prvAddCurrentTaskToDelayedList           0x08003bed   Thumb Code    78  tasks.o(i.prvAddCurrentTaskToDelayedList)
    i.prvAddNewTaskToReadyList               0x08003c44   Section        0  tasks.o(i.prvAddNewTaskToReadyList)
    prvAddNewTaskToReadyList                 0x08003c45   Thumb Code   176  tasks.o(i.prvAddNewTaskToReadyList)
    i.prvCheckTasksWaitingTermination        0x08003cfc   Section        0  tasks.o(i.prvCheckTasksWaitingTermination)
    prvCheckTasksWaitingTermination          0x08003cfd   Thumb Code    72  tasks.o(i.prvCheckTasksWaitingTermination)
    i.prvDeleteTCB                           0x08003d4c   Section        0  tasks.o(i.prvDeleteTCB)
    prvDeleteTCB                             0x08003d4d   Thumb Code    18  tasks.o(i.prvDeleteTCB)
    i.prvHeapInit                            0x08003d60   Section        0  heap_4.o(i.prvHeapInit)
    prvHeapInit                              0x08003d61   Thumb Code    60  heap_4.o(i.prvHeapInit)
    i.prvIdleTask                            0x08003da4   Section        0  tasks.o(i.prvIdleTask)
    prvIdleTask                              0x08003da5   Thumb Code    18  tasks.o(i.prvIdleTask)
    i.prvInitialiseNewTask                   0x08003dbc   Section        0  tasks.o(i.prvInitialiseNewTask)
    prvInitialiseNewTask                     0x08003dbd   Thumb Code   124  tasks.o(i.prvInitialiseNewTask)
    i.prvInsertBlockIntoFreeList             0x08003e38   Section        0  heap_4.o(i.prvInsertBlockIntoFreeList)
    prvInsertBlockIntoFreeList               0x08003e39   Thumb Code    72  heap_4.o(i.prvInsertBlockIntoFreeList)
    i.prvResetNextTaskUnblockTime            0x08003e84   Section        0  tasks.o(i.prvResetNextTaskUnblockTime)
    prvResetNextTaskUnblockTime              0x08003e85   Thumb Code    28  tasks.o(i.prvResetNextTaskUnblockTime)
    i.prvTaskExitError                       0x08003ea4   Section        0  port.o(i.prvTaskExitError)
    prvTaskExitError                         0x08003ea5   Thumb Code    14  port.o(i.prvTaskExitError)
    i.pvPortMalloc                           0x08003eb8   Section        0  heap_4.o(i.pvPortMalloc)
    i.pxPortInitialiseStack                  0x08003f68   Section        0  port.o(i.pxPortInitialiseStack)
    i.uxListRemove                           0x08003f88   Section        0  list.o(i.uxListRemove)
    i.vListInitialise                        0x08003fac   Section        0  list.o(i.vListInitialise)
    i.vListInitialiseItem                    0x08003fc2   Section        0  list.o(i.vListInitialiseItem)
    i.vListInsert                            0x08003fc8   Section        0  list.o(i.vListInsert)
    i.vListInsertEnd                         0x08003ff8   Section        0  list.o(i.vListInsertEnd)
    i.vPortEnterCritical                     0x08004010   Section        0  port.o(i.vPortEnterCritical)
    i.vPortExitCritical                      0x08004028   Section        0  port.o(i.vPortExitCritical)
    i.vPortFree                              0x08004044   Section        0  heap_4.o(i.vPortFree)
    i.vPortSetupTimerInterrupt               0x08004088   Section        0  port.o(i.vPortSetupTimerInterrupt)
    i.vPortYield                             0x080040ac   Section        0  port.o(i.vPortYield)
    i.vTaskDelay                             0x080040c4   Section        0  tasks.o(i.vTaskDelay)
    i.vTaskStartScheduler                    0x080040f4   Section        0  tasks.o(i.vTaskStartScheduler)
    i.vTaskSuspendAll                        0x08004140   Section        0  tasks.o(i.vTaskSuspendAll)
    i.vTaskSwitchContext                     0x08004150   Section        0  tasks.o(i.vTaskSwitchContext)
    i.xPortStartScheduler                    0x080041a8   Section        0  port.o(i.xPortStartScheduler)
    i.xPortSysTickHandler                    0x080041d8   Section        0  port.o(i.xPortSysTickHandler)
    i.xTaskCreate                            0x080041fc   Section        0  tasks.o(i.xTaskCreate)
    i.xTaskGetSchedulerState                 0x0800424c   Section        0  tasks.o(i.xTaskGetSchedulerState)
    i.xTaskIncrementTick                     0x0800426c   Section        0  tasks.o(i.xTaskIncrementTick)
    i.xTaskResumeAll                         0x08004328   Section        0  tasks.o(i.xTaskResumeAll)
    .constdata                               0x080043d4   Section       20  main.o(.constdata)
    .constdata                               0x080043e8   Section      812  hcms2915.o(.constdata)
    font5x7                                  0x080043e8   Data         790  hcms2915.o(.constdata)
    .constdata                               0x08004714   Section       25  system_stm32l0xx.o(.constdata)
    .constdata                               0x0800472d   Section        8  system_stm32l0xx.o(.constdata)
    .conststring                             0x08004738   Section       12  main.o(.conststring)
    .conststring                             0x08004744   Section        9  hcms2915.o(.conststring)
    .conststring                             0x08004750   Section       81  graphic.o(.conststring)
    .data                                    0x20000000   Section        4  main.o(.data)
    .data                                    0x20000004   Section       12  hcms2915.o(.data)
    def_ctrl_r0                              0x20000007   Data           1  hcms2915.o(.data)
    def_ctrl_r1                              0x20000008   Data           1  hcms2915.o(.data)
    effectMode                               0x20000009   Data           1  hcms2915.o(.data)
    .data                                    0x20000010   Section       16  system.o(.data)
    eCurrentSysState                         0x20000012   Data           1  system.o(.data)
    eCurrentSettingsState                    0x20000013   Data           1  system.o(.data)
    rtcDate                                  0x20000018   Data           4  system.o(.data)
    .data                                    0x20000020   Section       68  graphic.o(.data)
    currentTime                              0x20000038   Data           4  graphic.o(.data)
    currentDate                              0x2000003c   Data           4  graphic.o(.data)
    .data                                    0x20000064   Section        8  flash.o(.data)
    flashSettigns                            0x20000064   Data           8  flash.o(.data)
    .data                                    0x2000006c   Section       16  adc.o(.data)
    adcArrayWriteInd                         0x2000006c   Data           1  adc.o(.data)
    adcMinVoltage                            0x20000070   Data           4  adc.o(.data)
    adcBattery                               0x20000074   Data           8  adc.o(.data)
    .data                                    0x2000007c   Section        4  system_stm32l0xx.o(.data)
    .data                                    0x20000080   Section        4  stm32l0xx_hal.o(.data)
    .data                                    0x20000084   Section       24  heap_4.o(.data)
    pxEnd                                    0x20000084   Data           4  heap_4.o(.data)
    xFreeBytesRemaining                      0x20000088   Data           4  heap_4.o(.data)
    xMinimumEverFreeBytesRemaining           0x2000008c   Data           4  heap_4.o(.data)
    xBlockAllocatedBit                       0x20000090   Data           4  heap_4.o(.data)
    xStart                                   0x20000094   Data           8  heap_4.o(.data)
    .data                                    0x2000009c   Section        4  port.o(.data)
    uxCriticalNesting                        0x2000009c   Data           4  port.o(.data)
    .data                                    0x200000a0   Section       60  tasks.o(.data)
    uxDeletedTasksWaitingCleanUp             0x200000a4   Data           4  tasks.o(.data)
    uxCurrentNumberOfTasks                   0x200000a8   Data           4  tasks.o(.data)
    xTickCount                               0x200000ac   Data           4  tasks.o(.data)
    uxTopReadyPriority                       0x200000b0   Data           4  tasks.o(.data)
    xSchedulerRunning                        0x200000b4   Data           4  tasks.o(.data)
    uxPendedTicks                            0x200000b8   Data           4  tasks.o(.data)
    xYieldPending                            0x200000bc   Data           4  tasks.o(.data)
    xNumOfOverflows                          0x200000c0   Data           4  tasks.o(.data)
    uxTaskNumber                             0x200000c4   Data           4  tasks.o(.data)
    xNextTaskUnblockTime                     0x200000c8   Data           4  tasks.o(.data)
    xIdleTaskHandle                          0x200000cc   Data           4  tasks.o(.data)
    uxSchedulerSuspended                     0x200000d0   Data           4  tasks.o(.data)
    pxDelayedTaskList                        0x200000d4   Data           4  tasks.o(.data)
    pxOverflowDelayedTaskList                0x200000d8   Data           4  tasks.o(.data)
    .bss                                     0x200000dc   Section       56  stm32l0xx_hal_timebase_tim.o(.bss)
    .bss                                     0x20000114   Section       88  main.o(.bss)
    .bss                                     0x2000016c   Section       40  hcms2915.o(.bss)
    .bss                                     0x20000194   Section       56  system.o(.bss)
    rtcTime                                  0x200001b8   Data          20  system.o(.bss)
    .bss                                     0x200001cc   Section       12  flash.o(.bss)
    EraseInitStruct                          0x200001cc   Data          12  flash.o(.bss)
    .bss                                     0x200001d8   Section      172  adc.o(.bss)
    hadc                                     0x200001d8   Data          96  adc.o(.bss)
    adcResult                                0x20000238   Data          12  adc.o(.bss)
    adcResultArray                           0x20000244   Data          64  adc.o(.bss)
    .bss                                     0x20000284   Section       24  stm32l0xx_hal_flash.o(.bss)
    .bss                                     0x2000029c   Section     4096  heap_4.o(.bss)
    ucHeap                                   0x2000029c   Data        4096  heap_4.o(.bss)
    .bss                                     0x2000129c   Section      240  tasks.o(.bss)
    pxReadyTasksLists                        0x2000129c   Data         140  tasks.o(.bss)
    xDelayedTaskList1                        0x20001328   Data          20  tasks.o(.bss)
    xDelayedTaskList2                        0x2000133c   Data          20  tasks.o(.bss)
    xPendingReadyList                        0x20001350   Data          20  tasks.o(.bss)
    xTasksWaitingTermination                 0x20001364   Data          20  tasks.o(.bss)
    xSuspendedTaskList                       0x20001378   Data          20  tasks.o(.bss)
    STACK                                    0x20001390   Section     1024  startup_stm32l052xx.o(STACK)

    Global Symbols

    Symbol Name                              Value     Ov Type        Size  Object(Section)

    BuildAttributes$$THM_ISAv3M$S$PE$A:L22$X:L11$S22$IEEE1$IW$USESV6$~STKCKD$USESV7$~SHL$OTIME$ROPI$EBA8$MICROLIB$REQ8$PRES8$EABIv2 0x00000000   Number         0  anon$$obj.o ABSOLUTE
    __ARM_use_no_argv                        0x00000000   Number         0  main.o ABSOLUTE
    _printf_a                                0x00000000   Number         0  stubs.o ABSOLUTE
    _printf_c                                0x00000000   Number         0  stubs.o ABSOLUTE
    _printf_charcount                        0x00000000   Number         0  stubs.o ABSOLUTE
    _printf_d                                0x00000000   Number         0  stubs.o ABSOLUTE
    _printf_e                                0x00000000   Number         0  stubs.o ABSOLUTE
    _printf_f                                0x00000000   Number         0  stubs.o ABSOLUTE
    _printf_flags                            0x00000000   Number         0  stubs.o ABSOLUTE
    _printf_fp_dec                           0x00000000   Number         0  stubs.o ABSOLUTE
    _printf_fp_hex                           0x00000000   Number         0  stubs.o ABSOLUTE
    _printf_g                                0x00000000   Number         0  stubs.o ABSOLUTE
    _printf_i                                0x00000000   Number         0  stubs.o ABSOLUTE
    _printf_int_dec                          0x00000000   Number         0  stubs.o ABSOLUTE
    _printf_l                                0x00000000   Number         0  stubs.o ABSOLUTE
    _printf_lc                               0x00000000   Number         0  stubs.o ABSOLUTE
    _printf_ll                               0x00000000   Number         0  stubs.o ABSOLUTE
    _printf_lld                              0x00000000   Number         0  stubs.o ABSOLUTE
    _printf_lli                              0x00000000   Number         0  stubs.o ABSOLUTE
    _printf_llo                              0x00000000   Number         0  stubs.o ABSOLUTE
    _printf_llu                              0x00000000   Number         0  stubs.o ABSOLUTE
    _printf_llx                              0x00000000   Number         0  stubs.o ABSOLUTE
    _printf_longlong_dec                     0x00000000   Number         0  stubs.o ABSOLUTE
    _printf_longlong_hex                     0x00000000   Number         0  stubs.o ABSOLUTE
    _printf_longlong_oct                     0x00000000   Number         0  stubs.o ABSOLUTE
    _printf_ls                               0x00000000   Number         0  stubs.o ABSOLUTE
    _printf_mbtowc                           0x00000000   Number         0  stubs.o ABSOLUTE
    _printf_n                                0x00000000   Number         0  stubs.o ABSOLUTE
    _printf_o                                0x00000000   Number         0  stubs.o ABSOLUTE
    _printf_p                                0x00000000   Number         0  stubs.o ABSOLUTE
    _printf_percent                          0x00000000   Number         0  stubs.o ABSOLUTE
    _printf_pre_padding                      0x00000000   Number         0  stubs.o ABSOLUTE
    _printf_return_value                     0x00000000   Number         0  stubs.o ABSOLUTE
    _printf_s                                0x00000000   Number         0  stubs.o ABSOLUTE
    _printf_sizespec                         0x00000000   Number         0  stubs.o ABSOLUTE
    _printf_str                              0x00000000   Number         0  stubs.o ABSOLUTE
    _printf_truncate_signed                  0x00000000   Number         0  stubs.o ABSOLUTE
    _printf_truncate_unsigned                0x00000000   Number         0  stubs.o ABSOLUTE
    _printf_u                                0x00000000   Number         0  stubs.o ABSOLUTE
    _printf_wc                               0x00000000   Number         0  stubs.o ABSOLUTE
    _printf_wctomb                           0x00000000   Number         0  stubs.o ABSOLUTE
    _printf_widthprec                        0x00000000   Number         0  stubs.o ABSOLUTE
    _printf_x                                0x00000000   Number         0  stubs.o ABSOLUTE
    __cpp_initialize__aeabi_                  - Undefined Weak Reference
    __cxa_finalize                            - Undefined Weak Reference
    __decompress                              - Undefined Weak Reference
    _clock_init                               - Undefined Weak Reference
    _microlib_exit                            - Undefined Weak Reference
    __Vectors_Size                           0x000000c0   Number         0  startup_stm32l052xx.o ABSOLUTE
    __Vectors                                0x08000000   Data           4  startup_stm32l052xx.o(RESET)
    __Vectors_End                            0x080000c0   Data           0  startup_stm32l052xx.o(RESET)
    __main                                   0x080000c1   Thumb Code     0  entry.o(.ARM.Collect$$$$00000000)
    _main_stk                                0x080000c1   Thumb Code     0  entry2.o(.ARM.Collect$$$$00000001)
    _main_scatterload                        0x080000c5   Thumb Code     0  entry5.o(.ARM.Collect$$$$00000004)
    __main_after_scatterload                 0x080000c9   Thumb Code     0  entry5.o(.ARM.Collect$$$$00000004)
    _main_clock                              0x080000c9   Thumb Code     0  entry7b.o(.ARM.Collect$$$$00000008)
    _main_cpp_init                           0x080000c9   Thumb Code     0  entry8b.o(.ARM.Collect$$$$0000000A)
    _main_init                               0x080000c9   Thumb Code     0  entry9a.o(.ARM.Collect$$$$0000000B)
    __rt_final_cpp                           0x080000d1   Thumb Code     0  entry10a.o(.ARM.Collect$$$$0000000D)
    __rt_final_exit                          0x080000d1   Thumb Code     0  entry11a.o(.ARM.Collect$$$$0000000F)
    __asm___6_port_c_39a90d8d__prvPortStartFirstTask 0x080000d5   Thumb Code    36  port.o(.emb_text)
    ulSetInterruptMaskFromISR                0x080000fd   Thumb Code     8  port.o(.emb_text)
    vClearInterruptMaskFromISR               0x08000105   Thumb Code     6  port.o(.emb_text)
    PendSV_Handler                           0x0800010b   Thumb Code    62  port.o(.emb_text)
    Reset_Handler                            0x0800014d   Thumb Code     8  startup_stm32l052xx.o(.text)
    ADC1_COMP_IRQHandler                     0x0800015f   Thumb Code     0  startup_stm32l052xx.o(.text)
    DMA1_Channel1_IRQHandler                 0x0800015f   Thumb Code     0  startup_stm32l052xx.o(.text)
    DMA1_Channel2_3_IRQHandler               0x0800015f   Thumb Code     0  startup_stm32l052xx.o(.text)
    DMA1_Channel4_5_6_7_IRQHandler           0x0800015f   Thumb Code     0  startup_stm32l052xx.o(.text)
    EXTI0_1_IRQHandler                       0x0800015f   Thumb Code     0  startup_stm32l052xx.o(.text)
    EXTI2_3_IRQHandler                       0x0800015f   Thumb Code     0  startup_stm32l052xx.o(.text)
    EXTI4_15_IRQHandler                      0x0800015f   Thumb Code     0  startup_stm32l052xx.o(.text)
    FLASH_IRQHandler                         0x0800015f   Thumb Code     0  startup_stm32l052xx.o(.text)
    I2C1_IRQHandler                          0x0800015f   Thumb Code     0  startup_stm32l052xx.o(.text)
    I2C2_IRQHandler                          0x0800015f   Thumb Code     0  startup_stm32l052xx.o(.text)
    LPTIM1_IRQHandler                        0x0800015f   Thumb Code     0  startup_stm32l052xx.o(.text)
    PVD_IRQHandler                           0x0800015f   Thumb Code     0  startup_stm32l052xx.o(.text)
    RCC_CRS_IRQHandler                       0x0800015f   Thumb Code     0  startup_stm32l052xx.o(.text)
    RNG_LPUART1_IRQHandler                   0x0800015f   Thumb Code     0  startup_stm32l052xx.o(.text)
    RTC_IRQHandler                           0x0800015f   Thumb Code     0  startup_stm32l052xx.o(.text)
    SPI1_IRQHandler                          0x0800015f   Thumb Code     0  startup_stm32l052xx.o(.text)
    SPI2_IRQHandler                          0x0800015f   Thumb Code     0  startup_stm32l052xx.o(.text)
    TIM21_IRQHandler                         0x0800015f   Thumb Code     0  startup_stm32l052xx.o(.text)
    TIM2_IRQHandler                          0x0800015f   Thumb Code     0  startup_stm32l052xx.o(.text)
    TIM6_DAC_IRQHandler                      0x0800015f   Thumb Code     0  startup_stm32l052xx.o(.text)
    TSC_IRQHandler                           0x0800015f   Thumb Code     0  startup_stm32l052xx.o(.text)
    USART1_IRQHandler                        0x0800015f   Thumb Code     0  startup_stm32l052xx.o(.text)
    USART2_IRQHandler                        0x0800015f   Thumb Code     0  startup_stm32l052xx.o(.text)
    USB_IRQHandler                           0x0800015f   Thumb Code     0  startup_stm32l052xx.o(.text)
    WWDG_IRQHandler                          0x0800015f   Thumb Code     0  startup_stm32l052xx.o(.text)
    __aeabi_uidiv                            0x08000169   Thumb Code     0  uidiv.o(.text)
    __aeabi_uidivmod                         0x08000169   Thumb Code    44  uidiv.o(.text)
    __aeabi_memcpy                           0x08000195   Thumb Code    36  memcpya.o(.text)
    __aeabi_memcpy4                          0x08000195   Thumb Code     0  memcpya.o(.text)
    __aeabi_memcpy8                          0x08000195   Thumb Code     0  memcpya.o(.text)
    __aeabi_memset                           0x080001b9   Thumb Code    14  memseta.o(.text)
    __aeabi_memset4                          0x080001b9   Thumb Code     0  memseta.o(.text)
    __aeabi_memset8                          0x080001b9   Thumb Code     0  memseta.o(.text)
    __aeabi_memclr                           0x080001c7   Thumb Code     4  memseta.o(.text)
    __aeabi_memclr4                          0x080001c7   Thumb Code     0  memseta.o(.text)
    __aeabi_memclr8                          0x080001c7   Thumb Code     0  memseta.o(.text)
    _memset$wrapper                          0x080001cb   Thumb Code    18  memseta.o(.text)
    strlen                                   0x080001dd   Thumb Code    14  strlen.o(.text)
    __aeabi_fadd                             0x080001eb   Thumb Code   162  fadd.o(.text)
    __aeabi_fsub                             0x0800028d   Thumb Code     8  fadd.o(.text)
    __aeabi_frsub                            0x08000295   Thumb Code     8  fadd.o(.text)
    __aeabi_fmul                             0x0800029d   Thumb Code   122  fmul.o(.text)
    __ARM_scalbnf                            0x08000317   Thumb Code    24  fscalb.o(.text)
    scalbnf                                  0x08000317   Thumb Code     0  fscalb.o(.text)
    __aeabi_ui2f                             0x0800032f   Thumb Code    14  ffltui.o(.text)
    __aeabi_f2d                              0x0800033d   Thumb Code    40  f2d.o(.text)
    __aeabi_uldivmod                         0x08000365   Thumb Code    96  uldiv.o(.text)
    __I$use$fp                               0x080003c5   Thumb Code     0  iusefp.o(.text)
    _float_round                             0x080003c5   Thumb Code    16  fepilogue.o(.text)
    _float_epilogue                          0x080003d5   Thumb Code   114  fepilogue.o(.text)
    __aeabi_dadd                             0x08000449   Thumb Code   328  dadd.o(.text)
    __aeabi_dsub                             0x08000591   Thumb Code    12  dadd.o(.text)
    __aeabi_drsub                            0x0800059d   Thumb Code    12  dadd.o(.text)
    __aeabi_dmul                             0x080005ad   Thumb Code   202  dmul.o(.text)
    __aeabi_ddiv                             0x0800067d   Thumb Code   234  ddiv.o(.text)
    __aeabi_d2ulz                            0x0800076d   Thumb Code    54  dfixul.o(.text)
    __aeabi_cdrcmple                         0x080007ad   Thumb Code    38  cdrcmple.o(.text)
    __scatterload                            0x080007d5   Thumb Code    28  init.o(.text)
    __scatterload_rt2                        0x080007d5   Thumb Code     0  init.o(.text)
    __aeabi_llsl                             0x080007f9   Thumb Code    32  llshl.o(.text)
    _ll_shift_l                              0x080007f9   Thumb Code     0  llshl.o(.text)
    __aeabi_llsr                             0x08000819   Thumb Code    34  llushr.o(.text)
    _ll_ushift_r                             0x08000819   Thumb Code     0  llushr.o(.text)
    __aeabi_lasr                             0x0800083b   Thumb Code    38  llsshr.o(.text)
    _ll_sshift_r                             0x0800083b   Thumb Code     0  llsshr.o(.text)
    _double_round                            0x08000861   Thumb Code    26  depilogue.o(.text)
    _double_epilogue                         0x0800087b   Thumb Code   164  depilogue.o(.text)
    ADC_Battery                              0x08000921   Thumb Code   152  adc.o(i.ADC_Battery)
    ADC_Init                                 0x08000a6d   Thumb Code   136  adc.o(i.ADC_Init)
    ADC_Voltage                              0x08000b19   Thumb Code   122  adc.o(i.ADC_Voltage)
    FLASH_PageErase                          0x08000ba5   Thumb Code    34  stm32l0xx_hal_flash_ex.o(i.FLASH_PageErase)
    FLASH_WaitForLastOperation               0x08000c61   Thumb Code   106  stm32l0xx_hal_flash.o(i.FLASH_WaitForLastOperation)
    Flash_ErasePage                          0x08000cd1   Thumb Code    36  flash.o(i.Flash_ErasePage)
    Flash_Init                               0x08000cf9   Thumb Code    32  flash.o(i.Flash_Init)
    Flash_Save                               0x08000d25   Thumb Code    22  flash.o(i.Flash_Save)
    Flash_Settings                           0x08000d45   Thumb Code     4  flash.o(i.Flash_Settings)
    Flash_WriteBlock                         0x08000d4d   Thumb Code    40  flash.o(i.Flash_WriteBlock)
    Graphic_Init                             0x08000d75   Thumb Code    10  graphic.o(i.Graphic_Init)
    Graphic_Process                          0x08000d85   Thumb Code   268  graphic.o(i.Graphic_Process)
    Graphic_ScrollChangeCallback             0x08000ef5   Thumb Code    18  graphic.o(i.Graphic_ScrollChangeCallback)
    HAL_ADC_ConfigChannel                    0x08000f0d   Thumb Code   140  stm32l0xx_hal_adc.o(i.HAL_ADC_ConfigChannel)
    HAL_ADC_GetState                         0x08000fa1   Thumb Code     4  stm32l0xx_hal_adc.o(i.HAL_ADC_GetState)
    HAL_ADC_GetValue                         0x08000fa5   Thumb Code     6  stm32l0xx_hal_adc.o(i.HAL_ADC_GetValue)
    HAL_ADC_Init                             0x08000fad   Thumb Code   442  stm32l0xx_hal_adc.o(i.HAL_ADC_Init)
    HAL_ADC_MspInit                          0x08001171   Thumb Code    48  stm32l0xx_hal_msp.o(i.HAL_ADC_MspInit)
    HAL_ADC_PollForConversion                0x080011a9   Thumb Code   190  stm32l0xx_hal_adc.o(i.HAL_ADC_PollForConversion)
    HAL_ADC_Start                            0x08001269   Thumb Code    86  stm32l0xx_hal_adc.o(i.HAL_ADC_Start)
    HAL_Delay                                0x080012c5   Thumb Code    22  stm32l0xx_hal.o(i.HAL_Delay)
    HAL_FLASHEx_Erase                        0x080012dd   Thumb Code   106  stm32l0xx_hal_flash_ex.o(i.HAL_FLASHEx_Erase)
    HAL_FLASH_Lock                           0x08001355   Thumb Code    14  stm32l0xx_hal_flash.o(i.HAL_FLASH_Lock)
    HAL_FLASH_Program                        0x08001369   Thumb Code    50  stm32l0xx_hal_flash.o(i.HAL_FLASH_Program)
    HAL_FLASH_Unlock                         0x080013a5   Thumb Code    38  stm32l0xx_hal_flash.o(i.HAL_FLASH_Unlock)
    HAL_GPIO_Init                            0x080013e1   Thumb Code   346  stm32l0xx_hal_gpio.o(i.HAL_GPIO_Init)
    HAL_GPIO_ReadPin                         0x08001559   Thumb Code    10  stm32l0xx_hal_gpio.o(i.HAL_GPIO_ReadPin)
    HAL_GPIO_WritePin                        0x08001563   Thumb Code    12  stm32l0xx_hal_gpio.o(i.HAL_GPIO_WritePin)
    HAL_GetTick                              0x08001571   Thumb Code     6  stm32l0xx_hal.o(i.HAL_GetTick)
    HAL_IncTick                              0x0800157d   Thumb Code    10  stm32l0xx_hal.o(i.HAL_IncTick)
    HAL_Init                                 0x0800158d   Thumb Code    26  stm32l0xx_hal.o(i.HAL_Init)
    HAL_InitTick                             0x080015ad   Thumb Code    92  stm32l0xx_hal_timebase_tim.o(i.HAL_InitTick)
    HAL_MspInit                              0x0800161d   Thumb Code    52  stm32l0xx_hal_msp.o(i.HAL_MspInit)
    HAL_NVIC_EnableIRQ                       0x08001655   Thumb Code    14  stm32l0xx_hal_cortex.o(i.HAL_NVIC_EnableIRQ)
    HAL_NVIC_SetPriority                     0x08001669   Thumb Code     8  stm32l0xx_hal_cortex.o(i.HAL_NVIC_SetPriority)
    HAL_PWREx_EnableFastWakeUp               0x08001671   Thumb Code    12  stm32l0xx_hal_pwr_ex.o(i.HAL_PWREx_EnableFastWakeUp)
    HAL_PWREx_EnableUltraLowPower            0x08001681   Thumb Code    12  stm32l0xx_hal_pwr_ex.o(i.HAL_PWREx_EnableUltraLowPower)
    HAL_PWR_DisableWakeUpPin                 0x08001691   Thumb Code    10  stm32l0xx_hal_pwr.o(i.HAL_PWR_DisableWakeUpPin)
    HAL_PWR_EnableWakeUpPin                  0x080016a1   Thumb Code    10  stm32l0xx_hal_pwr.o(i.HAL_PWR_EnableWakeUpPin)
    HAL_PWR_EnterSTANDBYMode                 0x080016b1   Thumb Code    24  stm32l0xx_hal_pwr.o(i.HAL_PWR_EnterSTANDBYMode)
    HAL_RCCEx_EnableLSECSS                   0x080016d1   Thumb Code    14  stm32l0xx_hal_rcc_ex.o(i.HAL_RCCEx_EnableLSECSS)
    HAL_RCCEx_PeriphCLKConfig                0x080016e5   Thumb Code   362  stm32l0xx_hal_rcc_ex.o(i.HAL_RCCEx_PeriphCLKConfig)
    HAL_RCC_ClockConfig                      0x0800185d   Thumb Code   340  stm32l0xx_hal_rcc.o(i.HAL_RCC_ClockConfig)
    HAL_RCC_GetClockConfig                   0x080019c5   Thumb Code    54  stm32l0xx_hal_rcc.o(i.HAL_RCC_GetClockConfig)
    HAL_RCC_GetHCLKFreq                      0x08001a05   Thumb Code     6  stm32l0xx_hal_rcc.o(i.HAL_RCC_GetHCLKFreq)
    HAL_RCC_GetPCLK2Freq                     0x08001a11   Thumb Code    20  stm32l0xx_hal_rcc.o(i.HAL_RCC_GetPCLK2Freq)
    HAL_RCC_GetSysClockFreq                  0x08001a31   Thumb Code   100  stm32l0xx_hal_rcc.o(i.HAL_RCC_GetSysClockFreq)
    HAL_RCC_MCOConfig                        0x08001aa9   Thumb Code    90  stm32l0xx_hal_rcc.o(i.HAL_RCC_MCOConfig)
    HAL_RCC_OscConfig                        0x08001b09   Thumb Code  1106  stm32l0xx_hal_rcc.o(i.HAL_RCC_OscConfig)
    HAL_RTC_GetDate                          0x08001f5b   Thumb Code    68  stm32l0xx_hal_rtc.o(i.HAL_RTC_GetDate)
    HAL_RTC_GetTime                          0x08001fa1   Thumb Code    88  stm32l0xx_hal_rtc.o(i.HAL_RTC_GetTime)
    HAL_RTC_Init                             0x08001ffd   Thumb Code   160  stm32l0xx_hal_rtc.o(i.HAL_RTC_Init)
    HAL_RTC_MspInit                          0x080020a1   Thumb Code    22  stm32l0xx_hal_msp.o(i.HAL_RTC_MspInit)
    HAL_RTC_SetDate                          0x080020c1   Thumb Code   200  stm32l0xx_hal_rtc.o(i.HAL_RTC_SetDate)
    HAL_RTC_SetTime                          0x0800218d   Thumb Code   234  stm32l0xx_hal_rtc.o(i.HAL_RTC_SetTime)
    HAL_RTC_WaitForSynchro                   0x0800227d   Thumb Code    52  stm32l0xx_hal_rtc.o(i.HAL_RTC_WaitForSynchro)
    HAL_SPI_Init                             0x080022b1   Thumb Code   132  stm32l0xx_hal_spi.o(i.HAL_SPI_Init)
    HAL_SPI_MspInit                          0x08002335   Thumb Code    54  stm32l0xx_hal_msp.o(i.HAL_SPI_MspInit)
    HAL_SPI_Transmit                         0x08002375   Thumb Code   336  stm32l0xx_hal_spi.o(i.HAL_SPI_Transmit)
    HAL_SYSTICK_CLKSourceConfig              0x080024c5   Thumb Code    20  stm32l0xx_hal_cortex.o(i.HAL_SYSTICK_CLKSourceConfig)
    HAL_SYSTICK_Config                       0x080024dd   Thumb Code    38  stm32l0xx_hal_cortex.o(i.HAL_SYSTICK_Config)
    HAL_TIM_Base_Init                        0x0800250d   Thumb Code    52  stm32l0xx_hal_tim.o(i.HAL_TIM_Base_Init)
    HAL_TIM_Base_MspInit                     0x08002541   Thumb Code     2  stm32l0xx_hal_tim.o(i.HAL_TIM_Base_MspInit)
    HAL_TIM_Base_Start_IT                    0x08002543   Thumb Code    22  stm32l0xx_hal_tim.o(i.HAL_TIM_Base_Start_IT)
    HAL_TIM_IC_CaptureCallback               0x08002559   Thumb Code     2  stm32l0xx_hal_tim.o(i.HAL_TIM_IC_CaptureCallback)
    HAL_TIM_IRQHandler                       0x0800255b   Thumb Code   294  stm32l0xx_hal_tim.o(i.HAL_TIM_IRQHandler)
    HAL_TIM_OC_DelayElapsedCallback          0x08002681   Thumb Code     2  stm32l0xx_hal_tim.o(i.HAL_TIM_OC_DelayElapsedCallback)
    HAL_TIM_PWM_PulseFinishedCallback        0x08002683   Thumb Code     2  stm32l0xx_hal_tim.o(i.HAL_TIM_PWM_PulseFinishedCallback)
    HAL_TIM_PeriodElapsedCallback            0x08002685   Thumb Code    16  main.o(i.HAL_TIM_PeriodElapsedCallback)
    HAL_TIM_TriggerCallback                  0x08002699   Thumb Code     2  stm32l0xx_hal_tim.o(i.HAL_TIM_TriggerCallback)
    HCMS_Bright                              0x0800269d   Thumb Code    26  hcms2915.o(i.HCMS_Bright)
    HCMS_BrightChange                        0x080026bd   Thumb Code    42  hcms2915.o(i.HCMS_BrightChange)
    HCMS_Clear                               0x080026e9   Thumb Code    12  hcms2915.o(i.HCMS_Clear)
    HCMS_CtrlMode                            0x080026f9   Thumb Code    16  hcms2915.o(i.HCMS_CtrlMode)
    HCMS_Ctrl_Register                       0x08002709   Thumb Code    24  hcms2915.o(i.HCMS_Ctrl_Register)
    HCMS_DataMode                            0x08002721   Thumb Code    18  hcms2915.o(i.HCMS_DataMode)
    HCMS_Disable                             0x08002733   Thumb Code    16  hcms2915.o(i.HCMS_Disable)
    HCMS_Effect                              0x08002745   Thumb Code    46  hcms2915.o(i.HCMS_Effect)
    HCMS_Enable                              0x08002779   Thumb Code    16  hcms2915.o(i.HCMS_Enable)
    HCMS_Init                                0x08002789   Thumb Code   140  hcms2915.o(i.HCMS_Init)
    HCMS_On                                  0x0800281d   Thumb Code    28  hcms2915.o(i.HCMS_On)
    HCMS_Process                             0x0800283d   Thumb Code    48  hcms2915.o(i.HCMS_Process)
    HCMS_PutStr                              0x08002871   Thumb Code    76  hcms2915.o(i.HCMS_PutStr)
    HCMS_Put_Byte                            0x080028c5   Thumb Code    22  hcms2915.o(i.HCMS_Put_Byte)
    HCMS_RawPixels                           0x080028e1   Thumb Code   194  hcms2915.o(i.HCMS_RawPixels)
    HCMS_Reset                               0x080029a9   Thumb Code    36  hcms2915.o(i.HCMS_Reset)
    HardFault_Handler                        0x080029d1   Thumb Code     2  stm32l0xx_it.o(i.HardFault_Handler)
    NMI_Handler                              0x08002aad   Thumb Code     2  stm32l0xx_it.o(i.NMI_Handler)
    RTC_Bcd2ToByte                           0x08002b65   Thumb Code    16  stm32l0xx_hal_rtc.o(i.RTC_Bcd2ToByte)
    RTC_ByteToBcd2                           0x08002b75   Thumb Code    22  stm32l0xx_hal_rtc.o(i.RTC_ByteToBcd2)
    RTC_EnterInitMode                        0x08002b8b   Thumb Code    56  stm32l0xx_hal_rtc.o(i.RTC_EnterInitMode)
    SVC_Handler                              0x08002c75   Thumb Code     2  port.o(i.SVC_Handler)
    StartDefaultTask                         0x08002c79   Thumb Code    54  main.o(i.StartDefaultTask)
    SysTick_Handler                          0x08002cb5   Thumb Code     8  stm32l0xx_it.o(i.SysTick_Handler)
    SystemClock_Config                       0x08002cbd   Thumb Code   176  main.o(i.SystemClock_Config)
    SystemInit                               0x08002d75   Thumb Code    66  system_stm32l0xx.o(i.SystemInit)
    SystemPower_Config                       0x08002dc9   Thumb Code    22  main.o(i.SystemPower_Config)
    System_EnterStandBy                      0x08002de5   Thumb Code    48  system.o(i.System_EnterStandBy)
    System_GetChargeState                    0x08002e19   Thumb Code    42  system.o(i.System_GetChargeState)
    System_GetDateTimeFromRTC                0x08002e49   Thumb Code    28  system.o(i.System_GetDateTimeFromRTC)
    System_GetRTCDate                        0x08002e6d   Thumb Code     4  system.o(i.System_GetRTCDate)
    System_GetRTCTime                        0x08002e75   Thumb Code     4  system.o(i.System_GetRTCTime)
    System_GetSettingsState                  0x08002e7d   Thumb Code     6  system.o(i.System_GetSettingsState)
    System_GetState                          0x08002e89   Thumb Code     6  system.o(i.System_GetState)
    System_Init                              0x08002e95   Thumb Code    62  system.o(i.System_Init)
    System_Process                           0x08002ef1   Thumb Code   636  system.o(i.System_Process)
    System_SetState                          0x08003189   Thumb Code    18  system.o(i.System_SetState)
    TIM22_IRQHandler                         0x080031a1   Thumb Code    10  stm32l0xx_it.o(i.TIM22_IRQHandler)
    _Error_Handler                           0x08003201   Thumb Code     2  main.o(i._Error_Handler)
    __0sprintf                               0x08003205   Thumb Code    36  printfa.o(i.__0sprintf)
    __1sprintf                               0x08003205   Thumb Code     0  printfa.o(i.__0sprintf)
    __2sprintf                               0x08003205   Thumb Code     0  printfa.o(i.__0sprintf)
    __c89sprintf                             0x08003205   Thumb Code     0  printfa.o(i.__0sprintf)
    sprintf                                  0x08003205   Thumb Code     0  printfa.o(i.__0sprintf)
    __ARM_clz                                0x0800322d   Thumb Code    46  depilogue.o(i.__ARM_clz)
    __ARM_common_switch8                     0x0800325b   Thumb Code    26  hcms2915.o(i.__ARM_common_switch8)
    __scatterload_copy                       0x08003275   Thumb Code    14  handlers.o(i.__scatterload_copy)
    __scatterload_null                       0x08003283   Thumb Code     2  handlers.o(i.__scatterload_null)
    __scatterload_zeroinit                   0x08003285   Thumb Code    14  handlers.o(i.__scatterload_zeroinit)
    main                                     0x08003b4d   Thumb Code    52  main.o(i.main)
    osDelay                                  0x08003b95   Thumb Code    16  cmsis_os.o(i.osDelay)
    osKernelStart                            0x08003ba5   Thumb Code    10  cmsis_os.o(i.osKernelStart)
    osSystickHandler                         0x08003baf   Thumb Code    16  cmsis_os.o(i.osSystickHandler)
    osThreadCreate                           0x08003bbf   Thumb Code    46  cmsis_os.o(i.osThreadCreate)
    pvPortMalloc                             0x08003eb9   Thumb Code   172  heap_4.o(i.pvPortMalloc)
    pxPortInitialiseStack                    0x08003f69   Thumb Code    28  port.o(i.pxPortInitialiseStack)
    uxListRemove                             0x08003f89   Thumb Code    36  list.o(i.uxListRemove)
    vListInitialise                          0x08003fad   Thumb Code    22  list.o(i.vListInitialise)
    vListInitialiseItem                      0x08003fc3   Thumb Code     6  list.o(i.vListInitialiseItem)
    vListInsert                              0x08003fc9   Thumb Code    48  list.o(i.vListInsert)
    vListInsertEnd                           0x08003ff9   Thumb Code    24  list.o(i.vListInsertEnd)
    vPortEnterCritical                       0x08004011   Thumb Code    20  port.o(i.vPortEnterCritical)
    vPortExitCritical                        0x08004029   Thumb Code    22  port.o(i.vPortExitCritical)
    vPortFree                                0x08004045   Thumb Code    62  heap_4.o(i.vPortFree)
    vPortSetupTimerInterrupt                 0x08004089   Thumb Code    26  port.o(i.vPortSetupTimerInterrupt)
    vPortYield                               0x080040ad   Thumb Code    18  port.o(i.vPortYield)
    vTaskDelay                               0x080040c5   Thumb Code    44  tasks.o(i.vTaskDelay)
    vTaskStartScheduler                      0x080040f5   Thumb Code    58  tasks.o(i.vTaskStartScheduler)
    vTaskSuspendAll                          0x08004141   Thumb Code    10  tasks.o(i.vTaskSuspendAll)
    vTaskSwitchContext                       0x08004151   Thumb Code    78  tasks.o(i.vTaskSwitchContext)
    xPortStartScheduler                      0x080041a9   Thumb Code    40  port.o(i.xPortStartScheduler)
    xPortSysTickHandler                      0x080041d9   Thumb Code    32  port.o(i.xPortSysTickHandler)
    xTaskCreate                              0x080041fd   Thumb Code    78  tasks.o(i.xTaskCreate)
    xTaskGetSchedulerState                   0x0800424d   Thumb Code    26  tasks.o(i.xTaskGetSchedulerState)
    xTaskIncrementTick                       0x0800426d   Thumb Code   180  tasks.o(i.xTaskIncrementTick)
    xTaskResumeAll                           0x08004329   Thumb Code   164  tasks.o(i.xTaskResumeAll)
    AHBPrescTable                            0x08004714   Data          16  system_stm32l0xx.o(.constdata)
    PLLMulTable                              0x08004724   Data           9  system_stm32l0xx.o(.constdata)
    APBPrescTable                            0x0800472d   Data           8  system_stm32l0xx.o(.constdata)
    Region$$Table$$Base                      0x080047a4   Number         0  anon$$obj.o(Region$$Table)
    Region$$Table$$Limit                     0x080047c4   Number         0  anon$$obj.o(Region$$Table)
    defaultTaskHandle                        0x20000000   Data           4  main.o(.data)
    uScrollY                                 0x20000004   Data           1  hcms2915.o(.data)
    uBlink                                   0x20000005   Data           1  hcms2915.o(.data)
    uWaitCnt                                 0x20000006   Data           1  hcms2915.o(.data)
    hcms2915TaskHandle                       0x2000000c   Data           4  hcms2915.o(.data)
    uBtnPressFlag                            0x20000010   Data           1  system.o(.data)
    uChrgStatWait                            0x20000011   Data           1  system.o(.data)
    btnPressCnt                              0x20000014   Data           2  system.o(.data)
    btnPressState                            0x20000016   Data           2  system.o(.data)
    sleepCounter                             0x2000001c   Data           4  system.o(.data)
    uChangeFlag                              0x20000020   Data           1  graphic.o(.data)
    strSettingsText                          0x20000024   Data           4  graphic.o(.data)
    strBrightText                            0x20000028   Data           4  graphic.o(.data)
    strTimeText                              0x2000002c   Data           4  graphic.o(.data)
    strDateText                              0x20000030   Data           4  graphic.o(.data)
    strExitText                              0x20000034   Data           4  graphic.o(.data)
    uSettingScrollCnt                        0x20000040   Data           4  graphic.o(.data)
    strDays                                  0x20000044   Data          32  graphic.o(.data)
    SystemCoreClock                          0x2000007c   Data           4  system_stm32l0xx.o(.data)
    uwTick                                   0x20000080   Data           4  stm32l0xx_hal.o(.data)
    pxCurrentTCB                             0x200000a0   Data           4  tasks.o(.data)
    htim22                                   0x200000dc   Data          56  stm32l0xx_hal_timebase_tim.o(.bss)
    hspi1                                    0x20000114   Data          88  main.o(.bss)
    hcms_screen                              0x2000016c   Data          40  hcms2915.o(.bss)
    hrtc                                     0x20000194   Data          36  system.o(.bss)
    pFlash                                   0x20000284   Data          24  stm32l0xx_hal_flash.o(.bss)
    __initial_sp                             0x20001790   Data           0  startup_stm32l052xx.o(STACK)



==============================================================================

Memory Map of the image

  Image Entry point : 0x080000c1

  Load Region LR_IROM1 (Base: 0x08000000, Size: 0x000048a0, Max: 0x00010000, ABSOLUTE)

    Execution Region ER_IROM1 (Exec base: 0x08000000, Load base: 0x08000000, Size: 0x000047c4, Max: 0x00010000, ABSOLUTE)

    Exec Addr    Load Addr    Size         Type   Attr      Idx    E Section Name        Object

    0x08000000   0x08000000   0x000000c0   Data   RO            3    RESET               startup_stm32l052xx.o
    0x080000c0   0x080000c0   0x00000000   Code   RO         4799  * .ARM.Collect$$$$00000000  mc_p.l(entry.o)
    0x080000c0   0x080000c0   0x00000004   Code   RO         5083    .ARM.Collect$$$$00000001  mc_p.l(entry2.o)
    0x080000c4   0x080000c4   0x00000004   Code   RO         5086    .ARM.Collect$$$$00000004  mc_p.l(entry5.o)
    0x080000c8   0x080000c8   0x00000000   Code   RO         5088    .ARM.Collect$$$$00000008  mc_p.l(entry7b.o)
    0x080000c8   0x080000c8   0x00000000   Code   RO         5090    .ARM.Collect$$$$0000000A  mc_p.l(entry8b.o)
    0x080000c8   0x080000c8   0x00000008   Code   RO         5091    .ARM.Collect$$$$0000000B  mc_p.l(entry9a.o)
    0x080000d0   0x080000d0   0x00000000   Code   RO         5093    .ARM.Collect$$$$0000000D  mc_p.l(entry10a.o)
    0x080000d0   0x080000d0   0x00000000   Code   RO         5095    .ARM.Collect$$$$0000000F  mc_p.l(entry11a.o)
    0x080000d0   0x080000d0   0x00000004   Code   RO         5084    .ARM.Collect$$$$00002712  mc_p.l(entry2.o)
    0x080000d4   0x080000d4   0x00000078   Code   RO         4383    .emb_text           port.o
    0x0800014c   0x0800014c   0x0000001c   Code   RO            4    .text               startup_stm32l052xx.o
    0x08000168   0x08000168   0x0000002c   Code   RO         4802    .text               mc_p.l(uidiv.o)
    0x08000194   0x08000194   0x00000024   Code   RO         4804    .text               mc_p.l(memcpya.o)
    0x080001b8   0x080001b8   0x00000024   Code   RO         4806    .text               mc_p.l(memseta.o)
    0x080001dc   0x080001dc   0x0000000e   Code   RO         4808    .text               mc_p.l(strlen.o)
    0x080001ea   0x080001ea   0x000000b2   Code   RO         5073    .text               mf_p.l(fadd.o)
    0x0800029c   0x0800029c   0x0000007a   Code   RO         5075    .text               mf_p.l(fmul.o)
    0x08000316   0x08000316   0x00000018   Code   RO         5077    .text               mf_p.l(fscalb.o)
    0x0800032e   0x0800032e   0x0000000e   Code   RO         5079    .text               mf_p.l(ffltui.o)
    0x0800033c   0x0800033c   0x00000028   Code   RO         5081    .text               mf_p.l(f2d.o)
    0x08000364   0x08000364   0x00000060   Code   RO         5100    .text               mc_p.l(uldiv.o)
    0x080003c4   0x080003c4   0x00000000   Code   RO         5102    .text               mc_p.l(iusefp.o)
    0x080003c4   0x080003c4   0x00000082   Code   RO         5103    .text               mf_p.l(fepilogue.o)
    0x08000446   0x08000446   0x00000002   PAD
    0x08000448   0x08000448   0x00000164   Code   RO         5105    .text               mf_p.l(dadd.o)
    0x080005ac   0x080005ac   0x000000d0   Code   RO         5107    .text               mf_p.l(dmul.o)
    0x0800067c   0x0800067c   0x000000f0   Code   RO         5109    .text               mf_p.l(ddiv.o)
    0x0800076c   0x0800076c   0x00000040   Code   RO         5111    .text               mf_p.l(dfixul.o)
    0x080007ac   0x080007ac   0x00000028   Code   RO         5113    .text               mf_p.l(cdrcmple.o)
    0x080007d4   0x080007d4   0x00000024   Code   RO         5115    .text               mc_p.l(init.o)
    0x080007f8   0x080007f8   0x00000020   Code   RO         5118    .text               mc_p.l(llshl.o)
    0x08000818   0x08000818   0x00000022   Code   RO         5120    .text               mc_p.l(llushr.o)
    0x0800083a   0x0800083a   0x00000026   Code   RO         5122    .text               mc_p.l(llsshr.o)
    0x08000860   0x08000860   0x000000be   Code   RO         5125    .text               mf_p.l(depilogue.o)
    0x0800091e   0x0800091e   0x00000002   PAD
    0x08000920   0x08000920   0x000000c4   Code   RO          705    i.ADC_Battery       adc.o
    0x080009e4   0x080009e4   0x00000024   Code   RO         2961    i.ADC_DelayMicroSecond  stm32l0xx_hal_adc.o
    0x08000a08   0x08000a08   0x00000064   Code   RO         2963    i.ADC_Enable        stm32l0xx_hal_adc.o
    0x08000a6c   0x08000a6c   0x000000ac   Code   RO          706    i.ADC_Init          adc.o
    0x08000b18   0x08000b18   0x0000008c   Code   RO          707    i.ADC_Voltage       adc.o
    0x08000ba4   0x08000ba4   0x0000002c   Code   RO         2425    i.FLASH_PageErase   stm32l0xx_hal_flash_ex.o
    0x08000bd0   0x08000bd0   0x00000090   Code   RO          998    i.FLASH_SetErrorCode  stm32l0xx_hal_flash.o
    0x08000c60   0x08000c60   0x00000070   Code   RO          999    i.FLASH_WaitForLastOperation  stm32l0xx_hal_flash.o
    0x08000cd0   0x08000cd0   0x00000028   Code   RO          643    i.Flash_ErasePage   flash.o
    0x08000cf8   0x08000cf8   0x0000002c   Code   RO          644    i.Flash_Init        flash.o
    0x08000d24   0x08000d24   0x00000020   Code   RO          645    i.Flash_Save        flash.o
    0x08000d44   0x08000d44   0x00000008   Code   RO          646    i.Flash_Settings    flash.o
    0x08000d4c   0x08000d4c   0x00000028   Code   RO          647    i.Flash_WriteBlock  flash.o
    0x08000d74   0x08000d74   0x00000010   Code   RO          600    i.Graphic_Init      graphic.o
    0x08000d84   0x08000d84   0x00000170   Code   RO          601    i.Graphic_Process   graphic.o
    0x08000ef4   0x08000ef4   0x00000018   Code   RO          603    i.Graphic_ScrollChangeCallback  graphic.o
    0x08000f0c   0x08000f0c   0x00000094   Code   RO         2965    i.HAL_ADC_ConfigChannel  stm32l0xx_hal_adc.o
    0x08000fa0   0x08000fa0   0x00000004   Code   RO         2971    i.HAL_ADC_GetState  stm32l0xx_hal_adc.o
    0x08000fa4   0x08000fa4   0x00000006   Code   RO         2972    i.HAL_ADC_GetValue  stm32l0xx_hal_adc.o
    0x08000faa   0x08000faa   0x00000002   PAD
    0x08000fac   0x08000fac   0x000001c4   Code   RO         2974    i.HAL_ADC_Init      stm32l0xx_hal_adc.o
    0x08001170   0x08001170   0x00000038   Code   RO          205    i.HAL_ADC_MspInit   stm32l0xx_hal_msp.o
    0x080011a8   0x080011a8   0x000000be   Code   RO         2978    i.HAL_ADC_PollForConversion  stm32l0xx_hal_adc.o
    0x08001266   0x08001266   0x00000002   PAD
    0x08001268   0x08001268   0x0000005c   Code   RO         2980    i.HAL_ADC_Start     stm32l0xx_hal_adc.o
    0x080012c4   0x080012c4   0x00000016   Code   RO         2057    i.HAL_Delay         stm32l0xx_hal.o
    0x080012da   0x080012da   0x00000002   PAD
    0x080012dc   0x080012dc   0x00000078   Code   RO         2434    i.HAL_FLASHEx_Erase  stm32l0xx_hal_flash_ex.o
    0x08001354   0x08001354   0x00000014   Code   RO         1003    i.HAL_FLASH_Lock    stm32l0xx_hal_flash.o
    0x08001368   0x08001368   0x0000003c   Code   RO         1008    i.HAL_FLASH_Program  stm32l0xx_hal_flash.o
    0x080013a4   0x080013a4   0x0000003c   Code   RO         1010    i.HAL_FLASH_Unlock  stm32l0xx_hal_flash.o
    0x080013e0   0x080013e0   0x00000178   Code   RO         2218    i.HAL_GPIO_Init     stm32l0xx_hal_gpio.o
    0x08001558   0x08001558   0x0000000a   Code   RO         2220    i.HAL_GPIO_ReadPin  stm32l0xx_hal_gpio.o
    0x08001562   0x08001562   0x0000000c   Code   RO         2222    i.HAL_GPIO_WritePin  stm32l0xx_hal_gpio.o
    0x0800156e   0x0800156e   0x00000002   PAD
    0x08001570   0x08001570   0x0000000c   Code   RO         2061    i.HAL_GetTick       stm32l0xx_hal.o
    0x0800157c   0x0800157c   0x00000010   Code   RO         2062    i.HAL_IncTick       stm32l0xx_hal.o
    0x0800158c   0x0800158c   0x00000020   Code   RO         2063    i.HAL_Init          stm32l0xx_hal.o
    0x080015ac   0x080015ac   0x00000070   Code   RO          260    i.HAL_InitTick      stm32l0xx_hal_timebase_tim.o
    0x0800161c   0x0800161c   0x00000038   Code   RO          206    i.HAL_MspInit       stm32l0xx_hal_msp.o
    0x08001654   0x08001654   0x00000014   Code   RO         1951    i.HAL_NVIC_EnableIRQ  stm32l0xx_hal_cortex.o
    0x08001668   0x08001668   0x00000008   Code   RO         1955    i.HAL_NVIC_SetPriority  stm32l0xx_hal_cortex.o
    0x08001670   0x08001670   0x00000010   Code   RO          780    i.HAL_PWREx_EnableFastWakeUp  stm32l0xx_hal_pwr_ex.o
    0x08001680   0x08001680   0x00000010   Code   RO          782    i.HAL_PWREx_EnableUltraLowPower  stm32l0xx_hal_pwr_ex.o
    0x08001690   0x08001690   0x00000010   Code   RO          839    i.HAL_PWR_DisableWakeUpPin  stm32l0xx_hal_pwr.o
    0x080016a0   0x080016a0   0x00000010   Code   RO          844    i.HAL_PWR_EnableWakeUpPin  stm32l0xx_hal_pwr.o
    0x080016b0   0x080016b0   0x00000020   Code   RO          846    i.HAL_PWR_EnterSTANDBYMode  stm32l0xx_hal_pwr.o
    0x080016d0   0x080016d0   0x00000014   Code   RO         1104    i.HAL_RCCEx_EnableLSECSS  stm32l0xx_hal_rcc_ex.o
    0x080016e4   0x080016e4   0x00000178   Code   RO         1110    i.HAL_RCCEx_PeriphCLKConfig  stm32l0xx_hal_rcc_ex.o
    0x0800185c   0x0800185c   0x00000168   Code   RO         2328    i.HAL_RCC_ClockConfig  stm32l0xx_hal_rcc.o
    0x080019c4   0x080019c4   0x00000040   Code   RO         2331    i.HAL_RCC_GetClockConfig  stm32l0xx_hal_rcc.o
    0x08001a04   0x08001a04   0x0000000c   Code   RO         2332    i.HAL_RCC_GetHCLKFreq  stm32l0xx_hal_rcc.o
    0x08001a10   0x08001a10   0x00000020   Code   RO         2335    i.HAL_RCC_GetPCLK2Freq  stm32l0xx_hal_rcc.o
    0x08001a30   0x08001a30   0x00000078   Code   RO         2336    i.HAL_RCC_GetSysClockFreq  stm32l0xx_hal_rcc.o
    0x08001aa8   0x08001aa8   0x00000060   Code   RO         2337    i.HAL_RCC_MCOConfig  stm32l0xx_hal_rcc.o
    0x08001b08   0x08001b08   0x00000452   Code   RO         2339    i.HAL_RCC_OscConfig  stm32l0xx_hal_rcc.o
    0x08001f5a   0x08001f5a   0x00000044   Code   RO         3143    i.HAL_RTC_GetDate   stm32l0xx_hal_rtc.o
    0x08001f9e   0x08001f9e   0x00000002   PAD
    0x08001fa0   0x08001fa0   0x0000005c   Code   RO         3145    i.HAL_RTC_GetTime   stm32l0xx_hal_rtc.o
    0x08001ffc   0x08001ffc   0x000000a4   Code   RO         3146    i.HAL_RTC_Init      stm32l0xx_hal_rtc.o
    0x080020a0   0x080020a0   0x00000020   Code   RO          208    i.HAL_RTC_MspInit   stm32l0xx_hal_msp.o
    0x080020c0   0x080020c0   0x000000cc   Code   RO         3152    i.HAL_RTC_SetDate   stm32l0xx_hal_rtc.o
    0x0800218c   0x0800218c   0x000000f0   Code   RO         3153    i.HAL_RTC_SetTime   stm32l0xx_hal_rtc.o
    0x0800227c   0x0800227c   0x00000034   Code   RO         3154    i.HAL_RTC_WaitForSynchro  stm32l0xx_hal_rtc.o
    0x080022b0   0x080022b0   0x00000084   Code   RO         3279    i.HAL_SPI_Init      stm32l0xx_hal_spi.o
    0x08002334   0x08002334   0x00000040   Code   RO          210    i.HAL_SPI_MspInit   stm32l0xx_hal_msp.o
    0x08002374   0x08002374   0x00000150   Code   RO         3287    i.HAL_SPI_Transmit  stm32l0xx_hal_spi.o
    0x080024c4   0x080024c4   0x00000018   Code   RO         1957    i.HAL_SYSTICK_CLKSourceConfig  stm32l0xx_hal_cortex.o
    0x080024dc   0x080024dc   0x00000030   Code   RO         1959    i.HAL_SYSTICK_Config  stm32l0xx_hal_cortex.o
    0x0800250c   0x0800250c   0x00000034   Code   RO         1327    i.HAL_TIM_Base_Init  stm32l0xx_hal_tim.o
    0x08002540   0x08002540   0x00000002   Code   RO         1329    i.HAL_TIM_Base_MspInit  stm32l0xx_hal_tim.o
    0x08002542   0x08002542   0x00000016   Code   RO         1332    i.HAL_TIM_Base_Start_IT  stm32l0xx_hal_tim.o
    0x08002558   0x08002558   0x00000002   Code   RO         1356    i.HAL_TIM_IC_CaptureCallback  stm32l0xx_hal_tim.o
    0x0800255a   0x0800255a   0x00000126   Code   RO         1369    i.HAL_TIM_IRQHandler  stm32l0xx_hal_tim.o
    0x08002680   0x08002680   0x00000002   Code   RO         1372    i.HAL_TIM_OC_DelayElapsedCallback  stm32l0xx_hal_tim.o
    0x08002682   0x08002682   0x00000002   Code   RO         1399    i.HAL_TIM_PWM_PulseFinishedCallback  stm32l0xx_hal_tim.o
    0x08002684   0x08002684   0x00000014   Code   RO          296    i.HAL_TIM_PeriodElapsedCallback  main.o
    0x08002698   0x08002698   0x00000002   Code   RO         1410    i.HAL_TIM_TriggerCallback  stm32l0xx_hal_tim.o
    0x0800269a   0x0800269a   0x00000002   PAD
    0x0800269c   0x0800269c   0x00000020   Code   RO          384    i.HCMS_Bright       hcms2915.o
    0x080026bc   0x080026bc   0x0000002a   Code   RO          385    i.HCMS_BrightChange  hcms2915.o
    0x080026e6   0x080026e6   0x00000002   PAD
    0x080026e8   0x080026e8   0x00000010   Code   RO          386    i.HCMS_Clear        hcms2915.o
    0x080026f8   0x080026f8   0x00000010   Code   RO          387    i.HCMS_CtrlMode     hcms2915.o
    0x08002708   0x08002708   0x00000018   Code   RO          388    i.HCMS_Ctrl_Register  hcms2915.o
    0x08002720   0x08002720   0x00000012   Code   RO          389    i.HCMS_DataMode     hcms2915.o
    0x08002732   0x08002732   0x00000010   Code   RO          390    i.HCMS_Disable      hcms2915.o
    0x08002742   0x08002742   0x00000002   PAD
    0x08002744   0x08002744   0x00000034   Code   RO          391    i.HCMS_Effect       hcms2915.o
    0x08002778   0x08002778   0x00000010   Code   RO          392    i.HCMS_Enable       hcms2915.o
    0x08002788   0x08002788   0x00000094   Code   RO          393    i.HCMS_Init         hcms2915.o
    0x0800281c   0x0800281c   0x00000020   Code   RO          394    i.HCMS_On           hcms2915.o
    0x0800283c   0x0800283c   0x00000034   Code   RO          395    i.HCMS_Process      hcms2915.o
    0x08002870   0x08002870   0x00000054   Code   RO          396    i.HCMS_PutStr       hcms2915.o
    0x080028c4   0x080028c4   0x0000001c   Code   RO          397    i.HCMS_Put_Byte     hcms2915.o
    0x080028e0   0x080028e0   0x000000c8   Code   RO          399    i.HCMS_RawPixels    hcms2915.o
    0x080029a8   0x080029a8   0x00000028   Code   RO          400    i.HCMS_Reset        hcms2915.o
    0x080029d0   0x080029d0   0x00000002   Code   RO           12    i.HardFault_Handler  stm32l0xx_it.o
    0x080029d2   0x080029d2   0x00000002   PAD
    0x080029d4   0x080029d4   0x00000098   Code   RO          297    i.MX_GPIO_Init      main.o
    0x08002a6c   0x08002a6c   0x00000040   Code   RO          298    i.MX_SPI1_Init      main.o
    0x08002aac   0x08002aac   0x00000002   Code   RO           13    i.NMI_Handler       stm32l0xx_it.o
    0x08002aae   0x08002aae   0x00000002   PAD
    0x08002ab0   0x08002ab0   0x00000044   Code   RO         1961    i.NVIC_SetPriority  stm32l0xx_hal_cortex.o
    0x08002af4   0x08002af4   0x00000070   Code   RO         2340    i.RCC_SetFlashLatencyFromMSIRange  stm32l0xx_hal_rcc.o
    0x08002b64   0x08002b64   0x00000010   Code   RO         3155    i.RTC_Bcd2ToByte    stm32l0xx_hal_rtc.o
    0x08002b74   0x08002b74   0x00000016   Code   RO         3156    i.RTC_ByteToBcd2    stm32l0xx_hal_rtc.o
    0x08002b8a   0x08002b8a   0x00000038   Code   RO         3157    i.RTC_EnterInitMode  stm32l0xx_hal_rtc.o
    0x08002bc2   0x08002bc2   0x000000b2   Code   RO         3309    i.SPI_WaitOnFlagUntilTimeout  stm32l0xx_hal_spi.o
    0x08002c74   0x08002c74   0x00000002   Code   RO         4384    i.SVC_Handler       port.o
    0x08002c76   0x08002c76   0x00000002   PAD
    0x08002c78   0x08002c78   0x0000003c   Code   RO          299    i.StartDefaultTask  main.o
    0x08002cb4   0x08002cb4   0x00000008   Code   RO           14    i.SysTick_Handler   stm32l0xx_it.o
    0x08002cbc   0x08002cbc   0x000000b8   Code   RO          300    i.SystemClock_Config  main.o
    0x08002d74   0x08002d74   0x00000054   Code   RO          744    i.SystemInit        system_stm32l0xx.o
    0x08002dc8   0x08002dc8   0x0000001c   Code   RO          301    i.SystemPower_Config  main.o
    0x08002de4   0x08002de4   0x00000034   Code   RO          514    i.System_EnterStandBy  system.o
    0x08002e18   0x08002e18   0x00000030   Code   RO          515    i.System_GetChargeState  system.o
    0x08002e48   0x08002e48   0x00000024   Code   RO          516    i.System_GetDateTimeFromRTC  system.o
    0x08002e6c   0x08002e6c   0x00000008   Code   RO          517    i.System_GetRTCDate  system.o
    0x08002e74   0x08002e74   0x00000008   Code   RO          518    i.System_GetRTCTime  system.o
    0x08002e7c   0x08002e7c   0x0000000c   Code   RO          519    i.System_GetSettingsState  system.o
    0x08002e88   0x08002e88   0x0000000c   Code   RO          520    i.System_GetState   system.o
    0x08002e94   0x08002e94   0x0000005c   Code   RO          521    i.System_Init       system.o
    0x08002ef0   0x08002ef0   0x00000298   Code   RO          522    i.System_Process    system.o
    0x08003188   0x08003188   0x00000018   Code   RO          524    i.System_SetState   system.o
    0x080031a0   0x080031a0   0x00000010   Code   RO           15    i.TIM22_IRQHandler  stm32l0xx_it.o
    0x080031b0   0x080031b0   0x00000050   Code   RO         1411    i.TIM_Base_SetConfig  stm32l0xx_hal_tim.o
    0x08003200   0x08003200   0x00000002   Code   RO          302    i._Error_Handler    main.o
    0x08003202   0x08003202   0x00000002   PAD
    0x08003204   0x08003204   0x00000028   Code   RO         5047    i.__0sprintf        mc_p.l(printfa.o)
    0x0800322c   0x0800322c   0x0000002e   Code   RO         5127    i.__ARM_clz         mf_p.l(depilogue.o)
    0x0800325a   0x0800325a   0x0000001a   Code   RO          499    i.__ARM_common_switch8  hcms2915.o
    0x08003274   0x08003274   0x0000000e   Code   RO         5131    i.__scatterload_copy  mc_p.l(handlers.o)
    0x08003282   0x08003282   0x00000002   Code   RO         5132    i.__scatterload_null  mc_p.l(handlers.o)
    0x08003284   0x08003284   0x0000000e   Code   RO         5133    i.__scatterload_zeroinit  mc_p.l(handlers.o)
    0x08003292   0x08003292   0x00000002   PAD
    0x08003294   0x08003294   0x00000174   Code   RO         5052    i._fp_digits        mc_p.l(printfa.o)
    0x08003408   0x08003408   0x000006ec   Code   RO         5053    i._printf_core      mc_p.l(printfa.o)
    0x08003af4   0x08003af4   0x00000020   Code   RO         5054    i._printf_post_padding  mc_p.l(printfa.o)
    0x08003b14   0x08003b14   0x0000002c   Code   RO         5055    i._printf_pre_padding  mc_p.l(printfa.o)
    0x08003b40   0x08003b40   0x0000000a   Code   RO         5057    i._sputc            mc_p.l(printfa.o)
    0x08003b4a   0x08003b4a   0x00000002   PAD
    0x08003b4c   0x08003b4c   0x0000003c   Code   RO          303    i.main              main.o
    0x08003b88   0x08003b88   0x0000000c   Code   RO         3974    i.makeFreeRtosPriority  cmsis_os.o
    0x08003b94   0x08003b94   0x00000010   Code   RO         3976    i.osDelay           cmsis_os.o
    0x08003ba4   0x08003ba4   0x0000000a   Code   RO         3979    i.osKernelStart     cmsis_os.o
    0x08003bae   0x08003bae   0x00000010   Code   RO         4012    i.osSystickHandler  cmsis_os.o
    0x08003bbe   0x08003bbe   0x0000002e   Code   RO         4013    i.osThreadCreate    cmsis_os.o
    0x08003bec   0x08003bec   0x00000058   Code   RO         4520    i.prvAddCurrentTaskToDelayedList  tasks.o
    0x08003c44   0x08003c44   0x000000b8   Code   RO         4521    i.prvAddNewTaskToReadyList  tasks.o
    0x08003cfc   0x08003cfc   0x00000050   Code   RO         4522    i.prvCheckTasksWaitingTermination  tasks.o
    0x08003d4c   0x08003d4c   0x00000012   Code   RO         4523    i.prvDeleteTCB      tasks.o
    0x08003d5e   0x08003d5e   0x00000002   PAD
    0x08003d60   0x08003d60   0x00000044   Code   RO         3772    i.prvHeapInit       heap_4.o
    0x08003da4   0x08003da4   0x00000018   Code   RO         4524    i.prvIdleTask       tasks.o
    0x08003dbc   0x08003dbc   0x0000007c   Code   RO         4525    i.prvInitialiseNewTask  tasks.o
    0x08003e38   0x08003e38   0x0000004c   Code   RO         3773    i.prvInsertBlockIntoFreeList  heap_4.o
    0x08003e84   0x08003e84   0x00000020   Code   RO         4526    i.prvResetNextTaskUnblockTime  tasks.o
    0x08003ea4   0x08003ea4   0x00000014   Code   RO         4385    i.prvTaskExitError  port.o
    0x08003eb8   0x08003eb8   0x000000b0   Code   RO         3774    i.pvPortMalloc      heap_4.o
    0x08003f68   0x08003f68   0x00000020   Code   RO         4386    i.pxPortInitialiseStack  port.o
    0x08003f88   0x08003f88   0x00000024   Code   RO         4347    i.uxListRemove      list.o
    0x08003fac   0x08003fac   0x00000016   Code   RO         4348    i.vListInitialise   list.o
    0x08003fc2   0x08003fc2   0x00000006   Code   RO         4349    i.vListInitialiseItem  list.o
    0x08003fc8   0x08003fc8   0x00000030   Code   RO         4350    i.vListInsert       list.o
    0x08003ff8   0x08003ff8   0x00000018   Code   RO         4351    i.vListInsertEnd    list.o
    0x08004010   0x08004010   0x00000018   Code   RO         4388    i.vPortEnterCritical  port.o
    0x08004028   0x08004028   0x0000001c   Code   RO         4389    i.vPortExitCritical  port.o
    0x08004044   0x08004044   0x00000044   Code   RO         3775    i.vPortFree         heap_4.o
    0x08004088   0x08004088   0x00000024   Code   RO         4390    i.vPortSetupTimerInterrupt  port.o
    0x080040ac   0x080040ac   0x00000018   Code   RO         4391    i.vPortYield        port.o
    0x080040c4   0x080040c4   0x00000030   Code   RO         4534    i.vTaskDelay        tasks.o
    0x080040f4   0x080040f4   0x0000004c   Code   RO         4545    i.vTaskStartScheduler  tasks.o
    0x08004140   0x08004140   0x00000010   Code   RO         4547    i.vTaskSuspendAll   tasks.o
    0x08004150   0x08004150   0x00000058   Code   RO         4548    i.vTaskSwitchContext  tasks.o
    0x080041a8   0x080041a8   0x00000030   Code   RO         4392    i.xPortStartScheduler  port.o
    0x080041d8   0x080041d8   0x00000024   Code   RO         4393    i.xPortSysTickHandler  port.o
    0x080041fc   0x080041fc   0x0000004e   Code   RO         4550    i.xTaskCreate       tasks.o
    0x0800424a   0x0800424a   0x00000002   PAD
    0x0800424c   0x0800424c   0x00000020   Code   RO         4554    i.xTaskGetSchedulerState  tasks.o
    0x0800426c   0x0800426c   0x000000bc   Code   RO         4557    i.xTaskIncrementTick  tasks.o
    0x08004328   0x08004328   0x000000ac   Code   RO         4563    i.xTaskResumeAll    tasks.o
    0x080043d4   0x080043d4   0x00000014   Data   RO          305    .constdata          main.o
    0x080043e8   0x080043e8   0x0000032c   Data   RO          403    .constdata          hcms2915.o
    0x08004714   0x08004714   0x00000019   Data   RO          745    .constdata          system_stm32l0xx.o
    0x0800472d   0x0800472d   0x00000008   Data   RO          746    .constdata          system_stm32l0xx.o
    0x08004735   0x08004735   0x00000003   PAD
    0x08004738   0x08004738   0x0000000c   Data   RO          306    .conststring        main.o
    0x08004744   0x08004744   0x00000009   Data   RO          404    .conststring        hcms2915.o
    0x0800474d   0x0800474d   0x00000003   PAD
    0x08004750   0x08004750   0x00000051   Data   RO          604    .conststring        graphic.o
    0x080047a1   0x080047a1   0x00000003   PAD
    0x080047a4   0x080047a4   0x00000020   Data   RO         5129    Region$$Table       anon$$obj.o


    Execution Region RW_IRAM1 (Exec base: 0x20000000, Load base: 0x080047c4, Size: 0x00001790, Max: 0x00002000, ABSOLUTE)

    Exec Addr    Load Addr    Size         Type   Attr      Idx    E Section Name        Object

    0x20000000   0x080047c4   0x00000004   Data   RW          308    .data               main.o
    0x20000004   0x080047c8   0x0000000c   Data   RW          405    .data               hcms2915.o
    0x20000010   0x080047d4   0x00000010   Data   RW          526    .data               system.o
    0x20000020   0x080047e4   0x00000044   Data   RW          605    .data               graphic.o
    0x20000064   0x08004828   0x00000008   Data   RW          649    .data               flash.o
    0x2000006c   0x08004830   0x00000010   Data   RW          709    .data               adc.o
    0x2000007c   0x08004840   0x00000004   Data   RW          747    .data               system_stm32l0xx.o
    0x20000080   0x08004844   0x00000004   Data   RW         2073    .data               stm32l0xx_hal.o
    0x20000084   0x08004848   0x00000018   Data   RW         3780    .data               heap_4.o
    0x2000009c   0x08004860   0x00000004   Data   RW         4394    .data               port.o
    0x200000a0   0x08004864   0x0000003c   Data   RW         4566    .data               tasks.o
    0x200000dc        -       0x00000038   Zero   RW          263    .bss                stm32l0xx_hal_timebase_tim.o
    0x20000114        -       0x00000058   Zero   RW          304    .bss                main.o
    0x2000016c        -       0x00000028   Zero   RW          402    .bss                hcms2915.o
    0x20000194        -       0x00000038   Zero   RW          525    .bss                system.o
    0x200001cc        -       0x0000000c   Zero   RW          648    .bss                flash.o
    0x200001d8        -       0x000000ac   Zero   RW          708    .bss                adc.o
    0x20000284        -       0x00000018   Zero   RW         1011    .bss                stm32l0xx_hal_flash.o
    0x2000029c        -       0x00001000   Zero   RW         3779    .bss                heap_4.o
    0x2000129c        -       0x000000f0   Zero   RW         4565    .bss                tasks.o
    0x2000138c   0x080048a0   0x00000004   PAD
    0x20001390        -       0x00000400   Zero   RW            1    STACK               startup_stm32l052xx.o


==============================================================================

Image component sizes


      Code (inc. data)   RO Data    RW Data    ZI Data      Debug   Object Name

       508         98          0         16        172       2687   adc.o
       100          0          0          0          0       7936   cmsis_os.o
       164         30          0          8         12       3322   flash.o
       408        120         81         68          0       2965   graphic.o
       842         64        821         12         40      11868   hcms2915.o
       388         22          0         24       4096       5843   heap_4.o
       136          0          0          0          0       3554   list.o
       570         50         32          4         88       7246   main.o
       370         58          0          4          0       7751   port.o
        28          8        192          0       1024        648   startup_stm32l052xx.o
        82         18          0          4          0       3220   stm32l0xx_hal.o
      1028         36          0          0          0       6757   stm32l0xx_hal_adc.o
       168         28          0          0          0      11403   stm32l0xx_hal_cortex.o
       396         54          0          0         24       3822   stm32l0xx_hal_flash.o
       164         24          0          0          0       2701   stm32l0xx_hal_flash_ex.o
       398         30          0          0          0       3103   stm32l0xx_hal_gpio.o
       208         32          0          0          0       2592   stm32l0xx_hal_msp.o
        64         20          0          0          0       1700   stm32l0xx_hal_pwr.o
        32          8          0          0          0       1097   stm32l0xx_hal_pwr_ex.o
      1902        130          0          0          0       8170   stm32l0xx_hal_rcc.o
       396         20          0          0          0       2193   stm32l0xx_hal_rcc_ex.o
       914         18          0          0          0       7448   stm32l0xx_hal_rtc.o
       646          0          0          0          0       3518   stm32l0xx_hal_spi.o
       458         10          0          0          0       6781   stm32l0xx_hal_tim.o
       112         20          0          0         56       1105   stm32l0xx_hal_timebase_tim.o
        28          6          0          0          0     403135   stm32l0xx_it.o
       956        128          0         16         56       6732   system.o
        84         18         33          4          0       1295   system_stm32l0xx.o
      1248         96          0         60        240      15339   tasks.o

    ----------------------------------------------------------------------
     12826       1146       1200        220       5812     545931   Object Totals
         0          0         32          0          0          0   (incl. Generated)
        28          0          9          0          4          0   (incl. Padding)

    ----------------------------------------------------------------------

      Code (inc. data)   RO Data    RW Data    ZI Data      Debug   Library Member Name

         0          0          0          0          0          0   entry.o
         0          0          0          0          0          0   entry10a.o
         0          0          0          0          0          0   entry11a.o
         8          4          0          0          0          0   entry2.o
         4          0          0          0          0          0   entry5.o
         0          0          0          0          0          0   entry7b.o
         0          0          0          0          0          0   entry8b.o
         8          4          0          0          0          0   entry9a.o
        30          0          0          0          0          0   handlers.o
        36          8          0          0          0         68   init.o
         0          0          0          0          0          0   iusefp.o
        32          0          0          0          0         68   llshl.o
        38          0          0          0          0         68   llsshr.o
        34          0          0          0          0         68   llushr.o
        36          0          0          0          0         60   memcpya.o
        36          0          0          0          0        100   memseta.o
      2270         94          0          0          0        472   printfa.o
        14          0          0          0          0         60   strlen.o
        44          0          0          0          0         72   uidiv.o
        96          0          0          0          0         84   uldiv.o
        40          2          0          0          0         68   cdrcmple.o
       356          4          0          0          0        140   dadd.o
       240          6          0          0          0         84   ddiv.o
       236          0          0          0          0        216   depilogue.o
        64         10          0          0          0         68   dfixul.o
       208          6          0          0          0         88   dmul.o
        40          0          0          0          0         60   f2d.o
       178          0          0          0          0        108   fadd.o
       130          0          0          0          0        144   fepilogue.o
        14          0          0          0          0         68   ffltui.o
       122          0          0          0          0         72   fmul.o
        24          0          0          0          0         60   fscalb.o

    ----------------------------------------------------------------------
      4346        138          0          0          0       2296   Library Totals
         8          0          0          0          0          0   (incl. Padding)

    ----------------------------------------------------------------------

      Code (inc. data)   RO Data    RW Data    ZI Data      Debug   Library Name

      2686        110          0          0          0       1120   mc_p.l
      1652         28          0          0          0       1176   mf_p.l

    ----------------------------------------------------------------------
      4346        138          0          0          0       2296   Library Totals

    ----------------------------------------------------------------------

==============================================================================


      Code (inc. data)   RO Data    RW Data    ZI Data      Debug   

     17172       1284       1200        220       5812     540399   Grand Totals
     17172       1284       1200        220       5812     540399   ELF Image Totals
     17172       1284       1200        220          0          0   ROM Totals

==============================================================================

    Total RO  Size (Code + RO Data)                18372 (  17.94kB)
    Total RW  Size (RW Data + ZI Data)              6032 (   5.89kB)
    Total ROM Size (Code + RO Data + RW Data)      18592 (  18.16kB)

==============================================================================

