<html>
<body>
<pre>
<h1>µVision Build Log</h1>
<h2>Tool Versions:</h2>
IDE-Version: µVision V5.24.2.0
Copyright (C) 2017 ARM Ltd and ARM Germany GmbH. All rights reserved.
License Information: 1 1, 1, LIC=8MZ8T-RCV7F-GNKA5-G1NEZ-8NH0B-D6AEA
 
Tool Versions:
Toolchain:       MDK-ARM Professional  Version: 5.24.1
Toolchain Path:  C:\Keil_v521A\ARM\ARMCC\Bin
C Compiler:      Armcc.exe V5.06 update 5 (build 528)
Assembler:       Armasm.exe V5.06 update 5 (build 528)
Linker/Locator:  ArmLink.exe V5.06 update 5 (build 528)
Library Manager: ArmAr.exe V5.06 update 5 (build 528)
Hex Converter:   FromElf.exe V5.06 update 5 (build 528)
CPU DLL:         SARMCM3.DLL V5.24.1
Dialog DLL:      DARMCM1.DLL V1.18.0.0
Target DLL:      STLink\ST-LINKIII-KEIL_SWO.dll V3.0.1.0
Dialog DLL:      TARMCM1.DLL V1.13.0.0
 
<h2>Project:</h2>
C:\Users\ÍèêîëüñêèéÁÁ\Documents\eagle\HCMS-2915\firmware\HCMS2915Release\MDK-ARM\frm_release.uvprojx
Project File Date:  04/24/2018

<h2>Output:</h2>
*** Using Compiler 'V5.06 update 5 (build 528)', folder: 'C:\Keil_v521A\ARM\ARMCC\Bin'
Build target 'frm_release'
compiling system.c...
compiling main.c...
compiling hcms2915.c...
..\Src\hcms2915.c(267): warning:  #186-D: pointless comparison of unsigned integer with zero
  				if(uBatteryChrgAnim >= 0 && uBatteryChrgAnim <= 10){
..\Src\hcms2915.c: 1 warning, 0 errors
compiling stm32l0xx_hal_cortex.c...
compiling graphic.c...
compiling stm32l0xx_hal.c...
compiling stm32l0xx_hal_gpio.c...
compiling stm32l0xx_hal_i2c_ex.c...
compiling stm32l0xx_hal_rcc.c...
compiling stm32l0xx_hal_flash_ex.c...
compiling stm32l0xx_hal_adc.c...
compiling stm32l0xx_hal_i2c.c...
compiling stm32l0xx_hal_rtc_ex.c...
compiling stm32l0xx_hal_spi.c...
compiling stm32l0xx_hal_rtc.c...
compiling heap_4.c...
compiling queue.c...
compiling timers.c...
compiling croutine.c...
compiling stm32l0xx_hal_adc_ex.c...
compiling cmsis_os.c...
compiling list.c...
compiling event_groups.c...
compiling tasks.c...
compiling port.c...
linking...
Program Size: Code=17300 RO-data=1212 RW-data=224 ZI-data=5808  
"frm_release\frm_release.axf" - 0 Error(s), 1 Warning(s).

<h2>Software Packages used:</h2>

Package Vendor: ARM
                http://www.keil.com/pack/ARM.CMSIS.5.0.1.pack
                ARM.CMSIS.5.0.1
                CMSIS (Cortex Microcontroller Software Interface Standard)
   * Component: CORE Version: 5.0.1

Package Vendor: Keil
                http://www.keil.com/pack/Keil.STM32L0xx_DFP.2.0.0.pack
                Keil.STM32L0xx_DFP.2.0.0
                STMicroelectronics STM32L0 Series Device Support, Drivers and Examples

<h2>Collection of Component include folders:</h2>
  .\RTE\_frm_release
  C:\Keil_v521A\ARM\PACK\ARM\CMSIS\5.0.1\CMSIS\Include
  C:\Keil_v521A\ARM\PACK\Keil\STM32L0xx_DFP\2.0.0\Drivers\CMSIS\Device\ST\STM32L0xx\Include

<h2>Collection of Component Files used:</h2>

   * Component: ARM::CMSIS:CORE:5.0.1
Build Time Elapsed:  00:00:30
</pre>
</body>
</html>
